2025-08-21 11:48:59,057 - INFO - Starting table extraction from test_sample.pdf
2025-08-21 11:48:59,057 - INFO - Extracting tables with pdfplumber...
2025-08-21 11:48:59,060 - DEBUG - seek: 0
2025-08-21 11:48:59,060 - DEBUG - find_xref: b''
2025-08-21 11:48:59,061 - DEBUG - find_xref: b'%%EOF'
2025-08-21 11:48:59,061 - DEBUG - find_xref: b'1437'
2025-08-21 11:48:59,061 - DEBUG - find_xref: b'startxref'
2025-08-21 11:48:59,061 - DEBUG - xref found: pos=b'1437'
2025-08-21 11:48:59,061 - DEBUG - seek: 1437
2025-08-21 11:48:59,061 - DEBUG - nexttoken: (1437, /b'xref')
2025-08-21 11:48:59,061 - DEBUG - read_xref_from: start=1437, token=/b'xref'
2025-08-21 11:48:59,061 - DEBUG - nextline: 1441, b'\n'
2025-08-21 11:48:59,061 - DEBUG - nextline: 1442, b'0 9\n'
2025-08-21 11:48:59,061 - DEBUG - nextline: 1446, b'0000000000 65535 f \n'
2025-08-21 11:48:59,061 - DEBUG - nextline: 1466, b'0000000073 00000 n \n'
2025-08-21 11:48:59,061 - DEBUG - nextline: 1486, b'0000000114 00000 n \n'
2025-08-21 11:48:59,061 - DEBUG - nextline: 1506, b'0000000221 00000 n \n'
2025-08-21 11:48:59,061 - DEBUG - nextline: 1526, b'0000000333 00000 n \n'
2025-08-21 11:48:59,061 - DEBUG - nextline: 1546, b'0000000526 00000 n \n'
2025-08-21 11:48:59,061 - DEBUG - nextline: 1566, b'0000000594 00000 n \n'
2025-08-21 11:48:59,061 - DEBUG - nextline: 1586, b'0000000877 00000 n \n'
2025-08-21 11:48:59,062 - DEBUG - nextline: 1606, b'0000000936 00000 n \n'
2025-08-21 11:48:59,062 - DEBUG - nextline: 1626, b'trailer\n'
2025-08-21 11:48:59,062 - DEBUG - seek: 1626
2025-08-21 11:48:59,062 - DEBUG - xref objects: {1: (None, 73, 0), 2: (None, 114, 0), 3: (None, 221, 0), 4: (None, 333, 0), 5: (None, 526, 0), 6: (None, 594, 0), 7: (None, 877, 0), 8: (None, 936, 0)}
2025-08-21 11:48:59,062 - DEBUG - nexttoken: (1626, /b'trailer')
2025-08-21 11:48:59,062 - DEBUG - nexttoken: (1634, /b'<<')
2025-08-21 11:48:59,062 - DEBUG - start_type: pos=1634, type='d'
2025-08-21 11:48:59,062 - DEBUG - nexttoken: (1637, /'ID')
2025-08-21 11:48:59,062 - DEBUG - nexttoken: (1642, /b'[')
2025-08-21 11:48:59,062 - DEBUG - start_type: pos=1642, type='a'
2025-08-21 11:48:59,062 - DEBUG - nexttoken: (1643, b'~s"\x17\'\xc1%\x02@z}\x8c\xeb\x9e\x1f\xe8')
2025-08-21 11:48:59,062 - DEBUG - nexttoken: (1677, b'~s"\x17\'\xc1%\x02@z}\x8c\xeb\x9e\x1f\xe8')
2025-08-21 11:48:59,062 - DEBUG - nexttoken: (1711, /b']')
2025-08-21 11:48:59,062 - DEBUG - end_type: pos=1642, type='a', objs=[b'~s"\x17\'\xc1%\x02@z}\x8c\xeb\x9e\x1f\xe8', b'~s"\x17\'\xc1%\x02@z}\x8c\xeb\x9e\x1f\xe8']
2025-08-21 11:48:59,062 - DEBUG - nexttoken: (1786, /'Info')
2025-08-21 11:48:59,063 - DEBUG - nexttoken: (1792, 6)
2025-08-21 11:48:59,063 - DEBUG - nexttoken: (1794, 0)
2025-08-21 11:48:59,063 - DEBUG - nexttoken: (1796, /b'R')
2025-08-21 11:48:59,063 - DEBUG - do_keyword: pos=1796, token=/b'R', stack=[(1637, /'ID'), (1642, [b'~s"\x17\'\xc1%\x02@z}\x8c\xeb\x9e\x1f\xe8', b'~s"\x17\'\xc1%\x02@z}\x8c\xeb\x9e\x1f\xe8']), (1786, /'Info'), (1792, 6), (1794, 0)]
2025-08-21 11:48:59,063 - DEBUG - nexttoken: (1798, /'Root')
2025-08-21 11:48:59,063 - DEBUG - nexttoken: (1804, 5)
2025-08-21 11:48:59,063 - DEBUG - nexttoken: (1806, 0)
2025-08-21 11:48:59,063 - DEBUG - nexttoken: (1808, /b'R')
2025-08-21 11:48:59,063 - DEBUG - do_keyword: pos=1808, token=/b'R', stack=[(1637, /'ID'), (1642, [b'~s"\x17\'\xc1%\x02@z}\x8c\xeb\x9e\x1f\xe8', b'~s"\x17\'\xc1%\x02@z}\x8c\xeb\x9e\x1f\xe8']), (1786, /'Info'), (1796, <PDFObjRef:6>), (1798, /'Root'), (1804, 5), (1806, 0)]
2025-08-21 11:48:59,063 - DEBUG - nexttoken: (1810, /'Size')
2025-08-21 11:48:59,063 - DEBUG - nexttoken: (1816, 9)
2025-08-21 11:48:59,063 - DEBUG - nexttoken: (1818, /b'>>')
2025-08-21 11:48:59,063 - DEBUG - end_type: pos=1634, type='d', objs=[/'ID', [b'~s"\x17\'\xc1%\x02@z}\x8c\xeb\x9e\x1f\xe8', b'~s"\x17\'\xc1%\x02@z}\x8c\xeb\x9e\x1f\xe8'], /'Info', <PDFObjRef:6>, /'Root', <PDFObjRef:5>, /'Size', 9]
2025-08-21 11:48:59,063 - DEBUG - nexttoken: (1821, /b'startxref')
2025-08-21 11:48:59,063 - DEBUG - do_keyword: pos=1821, token=/b'startxref', stack=[(1634, {'ID': [b'~s"\x17\'\xc1%\x02@z}\x8c\xeb\x9e\x1f\xe8', b'~s"\x17\'\xc1%\x02@z}\x8c\xeb\x9e\x1f\xe8'], 'Info': <PDFObjRef:6>, 'Root': <PDFObjRef:5>, 'Size': 9})]
2025-08-21 11:48:59,063 - DEBUG - add_results: ((1634, {'ID': [b'~s"\x17\'\xc1%\x02@z}\x8c\xeb\x9e\x1f\xe8', b'~s"\x17\'\xc1%\x02@z}\x8c\xeb\x9e\x1f\xe8'], 'Info': <PDFObjRef:6>, 'Root': <PDFObjRef:5>, 'Size': 9}),)
2025-08-21 11:48:59,063 - DEBUG - nextobject: (1634, {'ID': [b'~s"\x17\'\xc1%\x02@z}\x8c\xeb\x9e\x1f\xe8', b'~s"\x17\'\xc1%\x02@z}\x8c\xeb\x9e\x1f\xe8'], 'Info': <PDFObjRef:6>, 'Root': <PDFObjRef:5>, 'Size': 9})
2025-08-21 11:48:59,063 - DEBUG - trailer={'ID': [b'~s"\x17\'\xc1%\x02@z}\x8c\xeb\x9e\x1f\xe8', b'~s"\x17\'\xc1%\x02@z}\x8c\xeb\x9e\x1f\xe8'], 'Info': <PDFObjRef:6>, 'Root': <PDFObjRef:5>, 'Size': 9}
2025-08-21 11:48:59,063 - DEBUG - trailer: {'ID': [b'~s"\x17\'\xc1%\x02@z}\x8c\xeb\x9e\x1f\xe8', b'~s"\x17\'\xc1%\x02@z}\x8c\xeb\x9e\x1f\xe8'], 'Info': <PDFObjRef:6>, 'Root': <PDFObjRef:5>, 'Size': 9}
2025-08-21 11:48:59,064 - DEBUG - getobj: objid=6
2025-08-21 11:48:59,064 - DEBUG - seek: 594
2025-08-21 11:48:59,064 - DEBUG - nexttoken: (594, 6)
2025-08-21 11:48:59,064 - DEBUG - nexttoken: (596, 0)
2025-08-21 11:48:59,064 - DEBUG - nexttoken: (598, /b'obj')
2025-08-21 11:48:59,064 - DEBUG - nexttoken: (602, /b'<<')
2025-08-21 11:48:59,064 - DEBUG - start_type: pos=602, type='d'
2025-08-21 11:48:59,064 - DEBUG - nexttoken: (605, /'Author')
2025-08-21 11:48:59,064 - DEBUG - nexttoken: (613, b'(anonymous)')
2025-08-21 11:48:59,064 - DEBUG - nexttoken: (629, /'CreationDate')
2025-08-21 11:48:59,064 - DEBUG - nexttoken: (643, b"D:20250821114835-07'00'")
2025-08-21 11:48:59,064 - DEBUG - nexttoken: (669, /'Creator')
2025-08-21 11:48:59,064 - DEBUG - nexttoken: (678, b'(unspecified)')
2025-08-21 11:48:59,064 - DEBUG - nexttoken: (696, /'Keywords')
2025-08-21 11:48:59,064 - DEBUG - nexttoken: (706, b'')
2025-08-21 11:48:59,064 - DEBUG - nexttoken: (709, /'ModDate')
2025-08-21 11:48:59,064 - DEBUG - nexttoken: (718, b"D:20250821114835-07'00'")
2025-08-21 11:48:59,064 - DEBUG - nexttoken: (744, /'Producer')
2025-08-21 11:48:59,064 - DEBUG - nexttoken: (754, b'ReportLab PDF Library - www.reportlab.com')
2025-08-21 11:48:59,064 - DEBUG - nexttoken: (801, /'Subject')
2025-08-21 11:48:59,064 - DEBUG - nexttoken: (810, b'(unspecified)')
2025-08-21 11:48:59,064 - DEBUG - nexttoken: (828, /'Title')
2025-08-21 11:48:59,064 - DEBUG - nexttoken: (835, b'(anonymous)')
2025-08-21 11:48:59,065 - DEBUG - nexttoken: (851, /'Trapped')
2025-08-21 11:48:59,065 - DEBUG - nexttoken: (860, /'False')
2025-08-21 11:48:59,065 - DEBUG - nexttoken: (867, /b'>>')
2025-08-21 11:48:59,065 - DEBUG - end_type: pos=602, type='d', objs=[/'Author', b'(anonymous)', /'CreationDate', b"D:20250821114835-07'00'", /'Creator', b'(unspecified)', /'Keywords', b'', /'ModDate', b"D:20250821114835-07'00'", /'Producer', b'ReportLab PDF Library - www.reportlab.com', /'Subject', b'(unspecified)', /'Title', b'(anonymous)', /'Trapped', /'False']
2025-08-21 11:48:59,065 - DEBUG - nexttoken: (870, /b'endobj')
2025-08-21 11:48:59,065 - DEBUG - do_keyword: pos=870, token=/b'endobj', stack=[(602, {'Author': b'(anonymous)', 'CreationDate': b"D:20250821114835-07'00'", 'Creator': b'(unspecified)', 'Keywords': b'', 'ModDate': b"D:20250821114835-07'00'", 'Producer': b'ReportLab PDF Library - www.reportlab.com', 'Subject': b'(unspecified)', 'Title': b'(anonymous)', 'Trapped': /'False'})]
2025-08-21 11:48:59,065 - DEBUG - add_results: ((602, {'Author': b'(anonymous)', 'CreationDate': b"D:20250821114835-07'00'", 'Creator': b'(unspecified)', 'Keywords': b'', 'ModDate': b"D:20250821114835-07'00'", 'Producer': b'ReportLab PDF Library - www.reportlab.com', 'Subject': b'(unspecified)', 'Title': b'(anonymous)', 'Trapped': /'False'}),)
2025-08-21 11:48:59,065 - DEBUG - nextobject: (602, {'Author': b'(anonymous)', 'CreationDate': b"D:20250821114835-07'00'", 'Creator': b'(unspecified)', 'Keywords': b'', 'ModDate': b"D:20250821114835-07'00'", 'Producer': b'ReportLab PDF Library - www.reportlab.com', 'Subject': b'(unspecified)', 'Title': b'(anonymous)', 'Trapped': /'False'})
2025-08-21 11:48:59,065 - DEBUG - register: objid=6: {'Author': b'(anonymous)', 'CreationDate': b"D:20250821114835-07'00'", 'Creator': b'(unspecified)', 'Keywords': b'', 'ModDate': b"D:20250821114835-07'00'", 'Producer': b'ReportLab PDF Library - www.reportlab.com', 'Subject': b'(unspecified)', 'Title': b'(anonymous)', 'Trapped': /'False'}
2025-08-21 11:48:59,065 - DEBUG - getobj: objid=5
2025-08-21 11:48:59,065 - DEBUG - seek: 526
2025-08-21 11:48:59,065 - DEBUG - nexttoken: (526, 5)
2025-08-21 11:48:59,065 - DEBUG - nexttoken: (528, 0)
2025-08-21 11:48:59,065 - DEBUG - nexttoken: (530, /b'obj')
2025-08-21 11:48:59,065 - DEBUG - nexttoken: (534, /b'<<')
2025-08-21 11:48:59,065 - DEBUG - start_type: pos=534, type='d'
2025-08-21 11:48:59,065 - DEBUG - nexttoken: (537, /'PageMode')
2025-08-21 11:48:59,065 - DEBUG - nexttoken: (547, /'UseNone')
2025-08-21 11:48:59,065 - DEBUG - nexttoken: (556, /'Pages')
2025-08-21 11:48:59,065 - DEBUG - nexttoken: (563, 7)
2025-08-21 11:48:59,065 - DEBUG - nexttoken: (565, 0)
2025-08-21 11:48:59,066 - DEBUG - nexttoken: (567, /b'R')
2025-08-21 11:48:59,066 - DEBUG - do_keyword: pos=567, token=/b'R', stack=[(537, /'PageMode'), (547, /'UseNone'), (556, /'Pages'), (563, 7), (565, 0)]
2025-08-21 11:48:59,066 - DEBUG - nexttoken: (569, /'Type')
2025-08-21 11:48:59,066 - DEBUG - nexttoken: (575, /'Catalog')
2025-08-21 11:48:59,066 - DEBUG - nexttoken: (584, /b'>>')
2025-08-21 11:48:59,066 - DEBUG - end_type: pos=534, type='d', objs=[/'PageMode', /'UseNone', /'Pages', <PDFObjRef:7>, /'Type', /'Catalog']
2025-08-21 11:48:59,066 - DEBUG - nexttoken: (587, /b'endobj')
2025-08-21 11:48:59,066 - DEBUG - do_keyword: pos=587, token=/b'endobj', stack=[(534, {'PageMode': /'UseNone', 'Pages': <PDFObjRef:7>, 'Type': /'Catalog'})]
2025-08-21 11:48:59,066 - DEBUG - add_results: ((534, {'PageMode': /'UseNone', 'Pages': <PDFObjRef:7>, 'Type': /'Catalog'}),)
2025-08-21 11:48:59,066 - DEBUG - nextobject: (534, {'PageMode': /'UseNone', 'Pages': <PDFObjRef:7>, 'Type': /'Catalog'})
2025-08-21 11:48:59,066 - DEBUG - register: objid=5: {'PageMode': /'UseNone', 'Pages': <PDFObjRef:7>, 'Type': /'Catalog'}
2025-08-21 11:48:59,066 - DEBUG - getobj: objid=7
2025-08-21 11:48:59,067 - DEBUG - seek: 877
2025-08-21 11:48:59,067 - DEBUG - nexttoken: (877, 7)
2025-08-21 11:48:59,067 - DEBUG - nexttoken: (879, 0)
2025-08-21 11:48:59,067 - DEBUG - nexttoken: (881, /b'obj')
2025-08-21 11:48:59,067 - DEBUG - nexttoken: (885, /b'<<')
2025-08-21 11:48:59,067 - DEBUG - start_type: pos=885, type='d'
2025-08-21 11:48:59,067 - DEBUG - nexttoken: (888, /'Count')
2025-08-21 11:48:59,067 - DEBUG - nexttoken: (895, 1)
2025-08-21 11:48:59,067 - DEBUG - nexttoken: (897, /'Kids')
2025-08-21 11:48:59,067 - DEBUG - nexttoken: (903, /b'[')
2025-08-21 11:48:59,067 - DEBUG - start_type: pos=903, type='a'
2025-08-21 11:48:59,068 - DEBUG - nexttoken: (905, 4)
2025-08-21 11:48:59,068 - DEBUG - nexttoken: (907, 0)
2025-08-21 11:48:59,068 - DEBUG - nexttoken: (909, /b'R')
2025-08-21 11:48:59,068 - DEBUG - do_keyword: pos=909, token=/b'R', stack=[(905, 4), (907, 0)]
2025-08-21 11:48:59,068 - DEBUG - nexttoken: (911, /b']')
2025-08-21 11:48:59,068 - DEBUG - end_type: pos=903, type='a', objs=[<PDFObjRef:4>]
2025-08-21 11:48:59,068 - DEBUG - nexttoken: (913, /'Type')
2025-08-21 11:48:59,068 - DEBUG - nexttoken: (919, /'Pages')
2025-08-21 11:48:59,068 - DEBUG - nexttoken: (926, /b'>>')
2025-08-21 11:48:59,068 - DEBUG - end_type: pos=885, type='d', objs=[/'Count', 1, /'Kids', [<PDFObjRef:4>], /'Type', /'Pages']
2025-08-21 11:48:59,068 - DEBUG - nexttoken: (929, /b'endobj')
2025-08-21 11:48:59,068 - DEBUG - do_keyword: pos=929, token=/b'endobj', stack=[(885, {'Count': 1, 'Kids': [<PDFObjRef:4>], 'Type': /'Pages'})]
2025-08-21 11:48:59,068 - DEBUG - add_results: ((885, {'Count': 1, 'Kids': [<PDFObjRef:4>], 'Type': /'Pages'}),)
2025-08-21 11:48:59,068 - DEBUG - nextobject: (885, {'Count': 1, 'Kids': [<PDFObjRef:4>], 'Type': /'Pages'})
2025-08-21 11:48:59,068 - DEBUG - register: objid=7: {'Count': 1, 'Kids': [<PDFObjRef:4>], 'Type': /'Pages'}
2025-08-21 11:48:59,068 - DEBUG - Pages: Kids=[<PDFObjRef:4>]
2025-08-21 11:48:59,070 - DEBUG - getobj: objid=4
2025-08-21 11:48:59,070 - DEBUG - seek: 333
2025-08-21 11:48:59,070 - DEBUG - nexttoken: (333, 4)
2025-08-21 11:48:59,070 - DEBUG - nexttoken: (335, 0)
2025-08-21 11:48:59,070 - DEBUG - nexttoken: (337, /b'obj')
2025-08-21 11:48:59,070 - DEBUG - nexttoken: (341, /b'<<')
2025-08-21 11:48:59,070 - DEBUG - start_type: pos=341, type='d'
2025-08-21 11:48:59,070 - DEBUG - nexttoken: (344, /'Contents')
2025-08-21 11:48:59,070 - DEBUG - nexttoken: (354, 8)
2025-08-21 11:48:59,070 - DEBUG - nexttoken: (356, 0)
2025-08-21 11:48:59,070 - DEBUG - nexttoken: (358, /b'R')
2025-08-21 11:48:59,070 - DEBUG - do_keyword: pos=358, token=/b'R', stack=[(344, /'Contents'), (354, 8), (356, 0)]
2025-08-21 11:48:59,070 - DEBUG - nexttoken: (360, /'MediaBox')
2025-08-21 11:48:59,070 - DEBUG - nexttoken: (370, /b'[')
2025-08-21 11:48:59,070 - DEBUG - start_type: pos=370, type='a'
2025-08-21 11:48:59,071 - DEBUG - nexttoken: (372, 0)
2025-08-21 11:48:59,071 - DEBUG - nexttoken: (374, 0)
2025-08-21 11:48:59,071 - DEBUG - nexttoken: (376, 612)
2025-08-21 11:48:59,071 - DEBUG - nexttoken: (380, 792)
2025-08-21 11:48:59,071 - DEBUG - nexttoken: (384, /b']')
2025-08-21 11:48:59,071 - DEBUG - end_type: pos=370, type='a', objs=[0, 0, 612, 792]
2025-08-21 11:48:59,071 - DEBUG - nexttoken: (386, /'Parent')
2025-08-21 11:48:59,071 - DEBUG - nexttoken: (394, 7)
2025-08-21 11:48:59,071 - DEBUG - nexttoken: (396, 0)
2025-08-21 11:48:59,071 - DEBUG - nexttoken: (398, /b'R')
2025-08-21 11:48:59,071 - DEBUG - do_keyword: pos=398, token=/b'R', stack=[(344, /'Contents'), (358, <PDFObjRef:8>), (360, /'MediaBox'), (370, [0, 0, 612, 792]), (386, /'Parent'), (394, 7), (396, 0)]
2025-08-21 11:48:59,071 - DEBUG - nexttoken: (400, /'Resources')
2025-08-21 11:48:59,071 - DEBUG - nexttoken: (411, /b'<<')
2025-08-21 11:48:59,071 - DEBUG - start_type: pos=411, type='d'
2025-08-21 11:48:59,071 - DEBUG - nexttoken: (414, /'Font')
2025-08-21 11:48:59,071 - DEBUG - nexttoken: (420, 1)
2025-08-21 11:48:59,071 - DEBUG - nexttoken: (422, 0)
2025-08-21 11:48:59,071 - DEBUG - nexttoken: (424, /b'R')
2025-08-21 11:48:59,071 - DEBUG - do_keyword: pos=424, token=/b'R', stack=[(414, /'Font'), (420, 1), (422, 0)]
2025-08-21 11:48:59,071 - DEBUG - nexttoken: (426, /'ProcSet')
2025-08-21 11:48:59,071 - DEBUG - nexttoken: (435, /b'[')
2025-08-21 11:48:59,071 - DEBUG - start_type: pos=435, type='a'
2025-08-21 11:48:59,071 - DEBUG - nexttoken: (437, /'PDF')
2025-08-21 11:48:59,072 - DEBUG - nexttoken: (442, /'Text')
2025-08-21 11:48:59,072 - DEBUG - nexttoken: (448, /'ImageB')
2025-08-21 11:48:59,072 - DEBUG - nexttoken: (456, /'ImageC')
2025-08-21 11:48:59,072 - DEBUG - nexttoken: (464, /'ImageI')
2025-08-21 11:48:59,072 - DEBUG - nexttoken: (472, /b']')
2025-08-21 11:48:59,072 - DEBUG - end_type: pos=435, type='a', objs=[/'PDF', /'Text', /'ImageB', /'ImageC', /'ImageI']
2025-08-21 11:48:59,072 - DEBUG - nexttoken: (474, /b'>>')
2025-08-21 11:48:59,072 - DEBUG - end_type: pos=411, type='d', objs=[/'Font', <PDFObjRef:1>, /'ProcSet', [/'PDF', /'Text', /'ImageB', /'ImageC', /'ImageI']]
2025-08-21 11:48:59,072 - DEBUG - nexttoken: (477, /'Rotate')
2025-08-21 11:48:59,072 - DEBUG - nexttoken: (485, 0)
2025-08-21 11:48:59,072 - DEBUG - nexttoken: (487, /'Trans')
2025-08-21 11:48:59,072 - DEBUG - nexttoken: (494, /b'<<')
2025-08-21 11:48:59,072 - DEBUG - start_type: pos=494, type='d'
2025-08-21 11:48:59,072 - DEBUG - nexttoken: (498, /b'>>')
2025-08-21 11:48:59,072 - DEBUG - end_type: pos=494, type='d', objs=[]
2025-08-21 11:48:59,072 - DEBUG - nexttoken: (504, /'Type')
2025-08-21 11:48:59,072 - DEBUG - nexttoken: (510, /'Page')
2025-08-21 11:48:59,072 - DEBUG - nexttoken: (516, /b'>>')
2025-08-21 11:48:59,072 - DEBUG - end_type: pos=341, type='d', objs=[/'Contents', <PDFObjRef:8>, /'MediaBox', [0, 0, 612, 792], /'Parent', <PDFObjRef:7>, /'Resources', {'Font': <PDFObjRef:1>, 'ProcSet': [/'PDF', /'Text', /'ImageB', /'ImageC', /'ImageI']}, /'Rotate', 0, /'Trans', {}, /'Type', /'Page']
2025-08-21 11:48:59,072 - DEBUG - nexttoken: (519, /b'endobj')
2025-08-21 11:48:59,073 - DEBUG - do_keyword: pos=519, token=/b'endobj', stack=[(341, {'Contents': <PDFObjRef:8>, 'MediaBox': [0, 0, 612, 792], 'Parent': <PDFObjRef:7>, 'Resources': {'Font': <PDFObjRef:1>, 'ProcSet': [/'PDF', /'Text', /'ImageB', /'ImageC', /'ImageI']}, 'Rotate': 0, 'Trans': {}, 'Type': /'Page'})]
2025-08-21 11:48:59,073 - DEBUG - add_results: ((341, {'Contents': <PDFObjRef:8>, 'MediaBox': [0, 0, 612, 792], 'Parent': <PDFObjRef:7>, 'Resources': {'Font': <PDFObjRef:1>, 'ProcSet': [/'PDF', /'Text', /'ImageB', /'ImageC', /'ImageI']}, 'Rotate': 0, 'Trans': {}, 'Type': /'Page'}),)
2025-08-21 11:48:59,073 - DEBUG - nextobject: (341, {'Contents': <PDFObjRef:8>, 'MediaBox': [0, 0, 612, 792], 'Parent': <PDFObjRef:7>, 'Resources': {'Font': <PDFObjRef:1>, 'ProcSet': [/'PDF', /'Text', /'ImageB', /'ImageC', /'ImageI']}, 'Rotate': 0, 'Trans': {}, 'Type': /'Page'})
2025-08-21 11:48:59,073 - DEBUG - register: objid=4: {'Contents': <PDFObjRef:8>, 'MediaBox': [0, 0, 612, 792], 'Parent': <PDFObjRef:7>, 'Resources': {'Font': <PDFObjRef:1>, 'ProcSet': [/'PDF', /'Text', /'ImageB', /'ImageC', /'ImageI']}, 'Rotate': 0, 'Trans': {}, 'Type': /'Page'}
2025-08-21 11:48:59,073 - DEBUG - Page: {'Contents': <PDFObjRef:8>, 'MediaBox': [0, 0, 612, 792], 'Parent': <PDFObjRef:7>, 'Resources': {'Font': <PDFObjRef:1>, 'ProcSet': [/'PDF', /'Text', /'ImageB', /'ImageC', /'ImageI']}, 'Rotate': 0, 'Trans': {}, 'Type': /'Page'}
2025-08-21 11:48:59,073 - DEBUG - getobj: objid=8
2025-08-21 11:48:59,073 - DEBUG - seek: 936
2025-08-21 11:48:59,073 - DEBUG - nexttoken: (936, 8)
2025-08-21 11:48:59,073 - DEBUG - nexttoken: (938, 0)
2025-08-21 11:48:59,073 - DEBUG - nexttoken: (940, /b'obj')
2025-08-21 11:48:59,073 - DEBUG - nexttoken: (944, /b'<<')
2025-08-21 11:48:59,073 - DEBUG - start_type: pos=944, type='d'
2025-08-21 11:48:59,073 - DEBUG - nexttoken: (947, /'Filter')
2025-08-21 11:48:59,073 - DEBUG - nexttoken: (955, /b'[')
2025-08-21 11:48:59,073 - DEBUG - start_type: pos=955, type='a'
2025-08-21 11:48:59,073 - DEBUG - nexttoken: (957, /'ASCII85Decode')
2025-08-21 11:48:59,073 - DEBUG - nexttoken: (972, /'FlateDecode')
2025-08-21 11:48:59,073 - DEBUG - nexttoken: (985, /b']')
2025-08-21 11:48:59,073 - DEBUG - end_type: pos=955, type='a', objs=[/'ASCII85Decode', /'FlateDecode']
2025-08-21 11:48:59,073 - DEBUG - nexttoken: (987, /'Length')
2025-08-21 11:48:59,073 - DEBUG - nexttoken: (995, 411)
2025-08-21 11:48:59,073 - DEBUG - nexttoken: (999, /b'>>')
2025-08-21 11:48:59,073 - DEBUG - end_type: pos=944, type='d', objs=[/'Filter', [/'ASCII85Decode', /'FlateDecode'], /'Length', 411]
2025-08-21 11:48:59,073 - DEBUG - nexttoken: (1002, /b'stream')
2025-08-21 11:48:59,073 - DEBUG - do_keyword: pos=1002, token=/b'stream', stack=[(944, {'Filter': [/'ASCII85Decode', /'FlateDecode'], 'Length': 411})]
2025-08-21 11:48:59,073 - DEBUG - seek: 1002
2025-08-21 11:48:59,074 - DEBUG - nextline: 1002, b'stream\n'
2025-08-21 11:48:59,074 - DEBUG - seek: 1420
2025-08-21 11:48:59,074 - DEBUG - nextline: 1420, b'endstream\n'
2025-08-21 11:48:59,074 - DEBUG - seek: 1420
2025-08-21 11:48:59,074 - DEBUG - Stream: pos=1009, objlen=411, dic={'Filter': [/'ASCII85Decode', /'FlateDecode'], 'Length': 411}, data=bytearray(b'Gas2F>>Kl:')...
2025-08-21 11:48:59,074 - DEBUG - nexttoken: (1420, /b'endstream')
2025-08-21 11:48:59,074 - DEBUG - do_keyword: pos=1420, token=/b'endstream', stack=[(1009, <PDFStream(None): raw=411, {'Filter': [/'ASCII85Decode', /'FlateDecode'], 'Length': 411}>)]
2025-08-21 11:48:59,074 - DEBUG - nexttoken: (1430, /b'endobj')
2025-08-21 11:48:59,074 - DEBUG - do_keyword: pos=1430, token=/b'endobj', stack=[(1009, <PDFStream(None): raw=411, {'Filter': [/'ASCII85Decode', /'FlateDecode'], 'Length': 411}>), (1420, /b'endstream')]
2025-08-21 11:48:59,074 - DEBUG - add_results: ((1009, <PDFStream(None): raw=411, {'Filter': [/'ASCII85Decode', /'FlateDecode'], 'Length': 411}>), (1420, /b'endstream'))
2025-08-21 11:48:59,074 - DEBUG - nextobject: (1009, <PDFStream(None): raw=411, {'Filter': [/'ASCII85Decode', /'FlateDecode'], 'Length': 411}>)
2025-08-21 11:48:59,074 - DEBUG - register: objid=8: <PDFStream(8): raw=411, {'Filter': [/'ASCII85Decode', /'FlateDecode'], 'Length': 411}>
2025-08-21 11:48:59,074 - DEBUG - Processing page: <PDFPage: Resources={'Font': <PDFObjRef:1>, 'ProcSet': [/'PDF', /'Text', /'ImageB', /'ImageC', /'ImageI']}, MediaBox=(0.0, 0.0, 612.0, 792.0)>
2025-08-21 11:48:59,074 - DEBUG - render_contents: resources={'Font': <PDFObjRef:1>, 'ProcSet': [/'PDF', /'Text', /'ImageB', /'ImageC', /'ImageI']}, streams=[<PDFStream(8): raw=411, {'Filter': [/'ASCII85Decode', /'FlateDecode'], 'Length': 411}>], ctm=(1, 0, 0, 1, -0.0, -0.0)
2025-08-21 11:48:59,074 - DEBUG - Resource: 'Font': <PDFObjRef:1>
2025-08-21 11:48:59,074 - DEBUG - getobj: objid=1
2025-08-21 11:48:59,074 - DEBUG - seek: 73
2025-08-21 11:48:59,074 - DEBUG - nexttoken: (73, 1)
2025-08-21 11:48:59,074 - DEBUG - nexttoken: (75, 0)
2025-08-21 11:48:59,074 - DEBUG - nexttoken: (77, /b'obj')
2025-08-21 11:48:59,074 - DEBUG - nexttoken: (81, /b'<<')
2025-08-21 11:48:59,074 - DEBUG - start_type: pos=81, type='d'
2025-08-21 11:48:59,075 - DEBUG - nexttoken: (84, /'F1')
2025-08-21 11:48:59,075 - DEBUG - nexttoken: (88, 2)
2025-08-21 11:48:59,075 - DEBUG - nexttoken: (90, 0)
2025-08-21 11:48:59,075 - DEBUG - nexttoken: (92, /b'R')
2025-08-21 11:48:59,075 - DEBUG - do_keyword: pos=92, token=/b'R', stack=[(84, /'F1'), (88, 2), (90, 0)]
2025-08-21 11:48:59,075 - DEBUG - nexttoken: (94, /'F2')
2025-08-21 11:48:59,075 - DEBUG - nexttoken: (98, 3)
2025-08-21 11:48:59,075 - DEBUG - nexttoken: (100, 0)
2025-08-21 11:48:59,075 - DEBUG - nexttoken: (102, /b'R')
2025-08-21 11:48:59,075 - DEBUG - do_keyword: pos=102, token=/b'R', stack=[(84, /'F1'), (92, <PDFObjRef:2>), (94, /'F2'), (98, 3), (100, 0)]
2025-08-21 11:48:59,075 - DEBUG - nexttoken: (104, /b'>>')
2025-08-21 11:48:59,075 - DEBUG - end_type: pos=81, type='d', objs=[/'F1', <PDFObjRef:2>, /'F2', <PDFObjRef:3>]
2025-08-21 11:48:59,075 - DEBUG - nexttoken: (107, /b'endobj')
2025-08-21 11:48:59,075 - DEBUG - do_keyword: pos=107, token=/b'endobj', stack=[(81, {'F1': <PDFObjRef:2>, 'F2': <PDFObjRef:3>})]
2025-08-21 11:48:59,075 - DEBUG - add_results: ((81, {'F1': <PDFObjRef:2>, 'F2': <PDFObjRef:3>}),)
2025-08-21 11:48:59,075 - DEBUG - nextobject: (81, {'F1': <PDFObjRef:2>, 'F2': <PDFObjRef:3>})
2025-08-21 11:48:59,075 - DEBUG - register: objid=1: {'F1': <PDFObjRef:2>, 'F2': <PDFObjRef:3>}
2025-08-21 11:48:59,075 - DEBUG - getobj: objid=2
2025-08-21 11:48:59,075 - DEBUG - seek: 114
2025-08-21 11:48:59,075 - DEBUG - nexttoken: (114, 2)
2025-08-21 11:48:59,075 - DEBUG - nexttoken: (116, 0)
2025-08-21 11:48:59,075 - DEBUG - nexttoken: (118, /b'obj')
2025-08-21 11:48:59,075 - DEBUG - nexttoken: (122, /b'<<')
2025-08-21 11:48:59,075 - DEBUG - start_type: pos=122, type='d'
2025-08-21 11:48:59,075 - DEBUG - nexttoken: (125, /'BaseFont')
2025-08-21 11:48:59,075 - DEBUG - nexttoken: (135, /'Helvetica')
2025-08-21 11:48:59,075 - DEBUG - nexttoken: (146, /'Encoding')
2025-08-21 11:48:59,075 - DEBUG - nexttoken: (156, /'WinAnsiEncoding')
2025-08-21 11:48:59,075 - DEBUG - nexttoken: (173, /'Name')
2025-08-21 11:48:59,075 - DEBUG - nexttoken: (179, /'F1')
2025-08-21 11:48:59,075 - DEBUG - nexttoken: (183, /'Subtype')
2025-08-21 11:48:59,075 - DEBUG - nexttoken: (192, /'Type1')
2025-08-21 11:48:59,075 - DEBUG - nexttoken: (199, /'Type')
2025-08-21 11:48:59,075 - DEBUG - nexttoken: (205, /'Font')
2025-08-21 11:48:59,075 - DEBUG - nexttoken: (211, /b'>>')
2025-08-21 11:48:59,075 - DEBUG - end_type: pos=122, type='d', objs=[/'BaseFont', /'Helvetica', /'Encoding', /'WinAnsiEncoding', /'Name', /'F1', /'Subtype', /'Type1', /'Type', /'Font']
2025-08-21 11:48:59,075 - DEBUG - nexttoken: (214, /b'endobj')
2025-08-21 11:48:59,075 - DEBUG - do_keyword: pos=214, token=/b'endobj', stack=[(122, {'BaseFont': /'Helvetica', 'Encoding': /'WinAnsiEncoding', 'Name': /'F1', 'Subtype': /'Type1', 'Type': /'Font'})]
2025-08-21 11:48:59,076 - DEBUG - add_results: ((122, {'BaseFont': /'Helvetica', 'Encoding': /'WinAnsiEncoding', 'Name': /'F1', 'Subtype': /'Type1', 'Type': /'Font'}),)
2025-08-21 11:48:59,076 - DEBUG - nextobject: (122, {'BaseFont': /'Helvetica', 'Encoding': /'WinAnsiEncoding', 'Name': /'F1', 'Subtype': /'Type1', 'Type': /'Font'})
2025-08-21 11:48:59,076 - DEBUG - register: objid=2: {'BaseFont': /'Helvetica', 'Encoding': /'WinAnsiEncoding', 'Name': /'F1', 'Subtype': /'Type1', 'Type': /'Font'}
2025-08-21 11:48:59,076 - DEBUG - get_font: create: objid=2, spec={'BaseFont': /'Helvetica', 'Encoding': /'WinAnsiEncoding', 'Name': /'F1', 'Subtype': /'Type1', 'Type': /'Font'}
2025-08-21 11:48:59,076 - DEBUG - getobj: objid=3
2025-08-21 11:48:59,076 - DEBUG - seek: 221
2025-08-21 11:48:59,076 - DEBUG - nexttoken: (221, 3)
2025-08-21 11:48:59,076 - DEBUG - nexttoken: (223, 0)
2025-08-21 11:48:59,076 - DEBUG - nexttoken: (225, /b'obj')
2025-08-21 11:48:59,076 - DEBUG - nexttoken: (229, /b'<<')
2025-08-21 11:48:59,076 - DEBUG - start_type: pos=229, type='d'
2025-08-21 11:48:59,076 - DEBUG - nexttoken: (232, /'BaseFont')
2025-08-21 11:48:59,076 - DEBUG - nexttoken: (242, /'Helvetica-Bold')
2025-08-21 11:48:59,076 - DEBUG - nexttoken: (258, /'Encoding')
2025-08-21 11:48:59,076 - DEBUG - nexttoken: (268, /'WinAnsiEncoding')
2025-08-21 11:48:59,076 - DEBUG - nexttoken: (285, /'Name')
2025-08-21 11:48:59,076 - DEBUG - nexttoken: (291, /'F2')
2025-08-21 11:48:59,076 - DEBUG - nexttoken: (295, /'Subtype')
2025-08-21 11:48:59,076 - DEBUG - nexttoken: (304, /'Type1')
2025-08-21 11:48:59,076 - DEBUG - nexttoken: (311, /'Type')
2025-08-21 11:48:59,076 - DEBUG - nexttoken: (317, /'Font')
2025-08-21 11:48:59,076 - DEBUG - nexttoken: (323, /b'>>')
2025-08-21 11:48:59,076 - DEBUG - end_type: pos=229, type='d', objs=[/'BaseFont', /'Helvetica-Bold', /'Encoding', /'WinAnsiEncoding', /'Name', /'F2', /'Subtype', /'Type1', /'Type', /'Font']
2025-08-21 11:48:59,076 - DEBUG - nexttoken: (326, /b'endobj')
2025-08-21 11:48:59,076 - DEBUG - do_keyword: pos=326, token=/b'endobj', stack=[(229, {'BaseFont': /'Helvetica-Bold', 'Encoding': /'WinAnsiEncoding', 'Name': /'F2', 'Subtype': /'Type1', 'Type': /'Font'})]
2025-08-21 11:48:59,076 - DEBUG - add_results: ((229, {'BaseFont': /'Helvetica-Bold', 'Encoding': /'WinAnsiEncoding', 'Name': /'F2', 'Subtype': /'Type1', 'Type': /'Font'}),)
2025-08-21 11:48:59,076 - DEBUG - nextobject: (229, {'BaseFont': /'Helvetica-Bold', 'Encoding': /'WinAnsiEncoding', 'Name': /'F2', 'Subtype': /'Type1', 'Type': /'Font'})
2025-08-21 11:48:59,076 - DEBUG - register: objid=3: {'BaseFont': /'Helvetica-Bold', 'Encoding': /'WinAnsiEncoding', 'Name': /'F2', 'Subtype': /'Type1', 'Type': /'Font'}
2025-08-21 11:48:59,076 - DEBUG - get_font: create: objid=3, spec={'BaseFont': /'Helvetica-Bold', 'Encoding': /'WinAnsiEncoding', 'Name': /'F2', 'Subtype': /'Type1', 'Type': /'Font'}
2025-08-21 11:48:59,076 - DEBUG - Resource: 'ProcSet': [/'PDF', /'Text', /'ImageB', /'ImageC', /'ImageI']
2025-08-21 11:48:59,076 - DEBUG - seek: 0
2025-08-21 11:48:59,076 - DEBUG - nexttoken: (0, 1)
2025-08-21 11:48:59,076 - DEBUG - add_results: ((0, 1),)
2025-08-21 11:48:59,077 - DEBUG - nextobject: (0, 1)
2025-08-21 11:48:59,077 - DEBUG - nexttoken: (2, 0)
2025-08-21 11:48:59,077 - DEBUG - add_results: ((2, 0),)
2025-08-21 11:48:59,077 - DEBUG - nextobject: (2, 0)
2025-08-21 11:48:59,077 - DEBUG - nexttoken: (4, 0)
2025-08-21 11:48:59,077 - DEBUG - add_results: ((4, 0),)
2025-08-21 11:48:59,077 - DEBUG - nextobject: (4, 0)
2025-08-21 11:48:59,077 - DEBUG - nexttoken: (6, 1)
2025-08-21 11:48:59,077 - DEBUG - add_results: ((6, 1),)
2025-08-21 11:48:59,077 - DEBUG - nextobject: (6, 1)
2025-08-21 11:48:59,077 - DEBUG - nexttoken: (8, 0)
2025-08-21 11:48:59,077 - DEBUG - add_results: ((8, 0),)
2025-08-21 11:48:59,077 - DEBUG - nextobject: (8, 0)
2025-08-21 11:48:59,077 - DEBUG - nexttoken: (10, 0)
2025-08-21 11:48:59,077 - DEBUG - add_results: ((10, 0),)
2025-08-21 11:48:59,077 - DEBUG - nextobject: (10, 0)
2025-08-21 11:48:59,077 - DEBUG - nexttoken: (12, /b'cm')
2025-08-21 11:48:59,077 - DEBUG - do_keyword: pos=12, token=/b'cm', stack=[]
2025-08-21 11:48:59,077 - DEBUG - add_results: ((12, /b'cm'),)
2025-08-21 11:48:59,077 - DEBUG - nextobject: (12, /b'cm')
2025-08-21 11:48:59,077 - DEBUG - exec: cm [1, 0, 0, 1, 0, 0]
2025-08-21 11:48:59,077 - DEBUG - nexttoken: (16, /b'BT')
2025-08-21 11:48:59,077 - DEBUG - do_keyword: pos=16, token=/b'BT', stack=[]
2025-08-21 11:48:59,077 - DEBUG - add_results: ((16, /b'BT'),)
2025-08-21 11:48:59,077 - DEBUG - nextobject: (16, /b'BT')
2025-08-21 11:48:59,077 - DEBUG - exec: BT
2025-08-21 11:48:59,077 - DEBUG - nexttoken: (19, /'F1')
2025-08-21 11:48:59,077 - DEBUG - add_results: ((19, /'F1'),)
2025-08-21 11:48:59,077 - DEBUG - nextobject: (19, /'F1')
2025-08-21 11:48:59,077 - DEBUG - nexttoken: (23, 12)
2025-08-21 11:48:59,077 - DEBUG - add_results: ((23, 12),)
2025-08-21 11:48:59,077 - DEBUG - nextobject: (23, 12)
2025-08-21 11:48:59,077 - DEBUG - nexttoken: (26, /b'Tf')
2025-08-21 11:48:59,077 - DEBUG - do_keyword: pos=26, token=/b'Tf', stack=[]
2025-08-21 11:48:59,077 - DEBUG - add_results: ((26, /b'Tf'),)
2025-08-21 11:48:59,077 - DEBUG - nextobject: (26, /b'Tf')
2025-08-21 11:48:59,077 - DEBUG - exec: Tf [/'F1', 12]
2025-08-21 11:48:59,077 - DEBUG - nexttoken: (29, 14.4)
2025-08-21 11:48:59,077 - DEBUG - add_results: ((29, 14.4),)
2025-08-21 11:48:59,077 - DEBUG - nextobject: (29, 14.4)
2025-08-21 11:48:59,077 - DEBUG - nexttoken: (34, /b'TL')
2025-08-21 11:48:59,077 - DEBUG - do_keyword: pos=34, token=/b'TL', stack=[]
2025-08-21 11:48:59,078 - DEBUG - add_results: ((34, /b'TL'),)
2025-08-21 11:48:59,078 - DEBUG - nextobject: (34, /b'TL')
2025-08-21 11:48:59,078 - DEBUG - exec: TL [14.4]
2025-08-21 11:48:59,078 - DEBUG - nexttoken: (37, /b'ET')
2025-08-21 11:48:59,078 - DEBUG - do_keyword: pos=37, token=/b'ET', stack=[]
2025-08-21 11:48:59,078 - DEBUG - add_results: ((37, /b'ET'),)
2025-08-21 11:48:59,078 - DEBUG - nextobject: (37, /b'ET')
2025-08-21 11:48:59,078 - DEBUG - exec: ET
2025-08-21 11:48:59,078 - DEBUG - nexttoken: (40, /b'q')
2025-08-21 11:48:59,078 - DEBUG - do_keyword: pos=40, token=/b'q', stack=[]
2025-08-21 11:48:59,079 - DEBUG - add_results: ((40, /b'q'),)
2025-08-21 11:48:59,079 - DEBUG - nextobject: (40, /b'q')
2025-08-21 11:48:59,079 - DEBUG - exec: q
2025-08-21 11:48:59,079 - DEBUG - nexttoken: (42, 1)
2025-08-21 11:48:59,079 - DEBUG - add_results: ((42, 1),)
2025-08-21 11:48:59,079 - DEBUG - nextobject: (42, 1)
2025-08-21 11:48:59,079 - DEBUG - nexttoken: (44, 0)
2025-08-21 11:48:59,079 - DEBUG - add_results: ((44, 0),)
2025-08-21 11:48:59,079 - DEBUG - nextobject: (44, 0)
2025-08-21 11:48:59,079 - DEBUG - nexttoken: (46, 0)
2025-08-21 11:48:59,079 - DEBUG - add_results: ((46, 0),)
2025-08-21 11:48:59,079 - DEBUG - nextobject: (46, 0)
2025-08-21 11:48:59,079 - DEBUG - nexttoken: (48, 1)
2025-08-21 11:48:59,079 - DEBUG - add_results: ((48, 1),)
2025-08-21 11:48:59,079 - DEBUG - nextobject: (48, 1)
2025-08-21 11:48:59,079 - DEBUG - nexttoken: (50, 234.93)
2025-08-21 11:48:59,079 - DEBUG - add_results: ((50, 234.93),)
2025-08-21 11:48:59,079 - DEBUG - nextobject: (50, 234.93)
2025-08-21 11:48:59,079 - DEBUG - nexttoken: (57, 642)
2025-08-21 11:48:59,080 - DEBUG - add_results: ((57, 642),)
2025-08-21 11:48:59,080 - DEBUG - nextobject: (57, 642)
2025-08-21 11:48:59,080 - DEBUG - nexttoken: (61, /b'cm')
2025-08-21 11:48:59,080 - DEBUG - do_keyword: pos=61, token=/b'cm', stack=[]
2025-08-21 11:48:59,080 - DEBUG - add_results: ((61, /b'cm'),)
2025-08-21 11:48:59,080 - DEBUG - nextobject: (61, /b'cm')
2025-08-21 11:48:59,080 - DEBUG - exec: cm [1, 0, 0, 1, 234.93, 642]
2025-08-21 11:48:59,080 - DEBUG - nexttoken: (64, /b'q')
2025-08-21 11:48:59,080 - DEBUG - do_keyword: pos=64, token=/b'q', stack=[]
2025-08-21 11:48:59,080 - DEBUG - add_results: ((64, /b'q'),)
2025-08-21 11:48:59,080 - DEBUG - nextobject: (64, /b'q')
2025-08-21 11:48:59,080 - DEBUG - exec: q
2025-08-21 11:48:59,081 - DEBUG - nexttoken: (66, 0.501961)
2025-08-21 11:48:59,081 - DEBUG - add_results: ((66, 0.501961),)
2025-08-21 11:48:59,081 - DEBUG - nextobject: (66, 0.501961)
2025-08-21 11:48:59,081 - DEBUG - nexttoken: (74, 0.501961)
2025-08-21 11:48:59,081 - DEBUG - add_results: ((74, 0.501961),)
2025-08-21 11:48:59,081 - DEBUG - nextobject: (74, 0.501961)
2025-08-21 11:48:59,081 - DEBUG - nexttoken: (82, 0.501961)
2025-08-21 11:48:59,081 - DEBUG - add_results: ((82, 0.501961),)
2025-08-21 11:48:59,081 - DEBUG - nextobject: (82, 0.501961)
2025-08-21 11:48:59,081 - DEBUG - nexttoken: (90, /b'rg')
2025-08-21 11:48:59,082 - DEBUG - do_keyword: pos=90, token=/b'rg', stack=[]
2025-08-21 11:48:59,082 - DEBUG - add_results: ((90, /b'rg'),)
2025-08-21 11:48:59,082 - DEBUG - nextobject: (90, /b'rg')
2025-08-21 11:48:59,082 - DEBUG - exec: rg [0.501961, 0.501961, 0.501961]
2025-08-21 11:48:59,082 - DEBUG - nexttoken: (93, /b'n')
2025-08-21 11:48:59,082 - DEBUG - do_keyword: pos=93, token=/b'n', stack=[]
2025-08-21 11:48:59,082 - DEBUG - add_results: ((93, /b'n'),)
2025-08-21 11:48:59,082 - DEBUG - nextobject: (93, /b'n')
2025-08-21 11:48:59,082 - DEBUG - exec: n
2025-08-21 11:48:59,082 - DEBUG - nexttoken: (95, 0)
2025-08-21 11:48:59,082 - DEBUG - add_results: ((95, 0),)
2025-08-21 11:48:59,082 - DEBUG - nextobject: (95, 0)
2025-08-21 11:48:59,082 - DEBUG - nexttoken: (97, 72)
2025-08-21 11:48:59,082 - DEBUG - add_results: ((97, 72),)
2025-08-21 11:48:59,082 - DEBUG - nextobject: (97, 72)
2025-08-21 11:48:59,082 - DEBUG - nexttoken: (100, 142.14)
2025-08-21 11:48:59,082 - DEBUG - add_results: ((100, 142.14),)
2025-08-21 11:48:59,082 - DEBUG - nextobject: (100, 142.14)
2025-08-21 11:48:59,082 - DEBUG - nexttoken: (107, -18)
2025-08-21 11:48:59,082 - DEBUG - add_results: ((107, -18),)
2025-08-21 11:48:59,082 - DEBUG - nextobject: (107, -18)
2025-08-21 11:48:59,082 - DEBUG - nexttoken: (111, /b're')
2025-08-21 11:48:59,083 - DEBUG - do_keyword: pos=111, token=/b're', stack=[]
2025-08-21 11:48:59,083 - DEBUG - add_results: ((111, /b're'),)
2025-08-21 11:48:59,083 - DEBUG - nextobject: (111, /b're')
2025-08-21 11:48:59,083 - DEBUG - exec: re [0, 72, 142.14, -18]
2025-08-21 11:48:59,083 - DEBUG - nexttoken: (114, /b'f*')
2025-08-21 11:48:59,083 - DEBUG - do_keyword: pos=114, token=/b'f*', stack=[]
2025-08-21 11:48:59,083 - DEBUG - add_results: ((114, /b'f*'),)
2025-08-21 11:48:59,083 - DEBUG - nextobject: (114, /b'f*')
2025-08-21 11:48:59,083 - DEBUG - exec: f*
2025-08-21 11:48:59,083 - DEBUG - nexttoken: (117, 0.960784)
2025-08-21 11:48:59,083 - DEBUG - add_results: ((117, 0.960784),)
2025-08-21 11:48:59,083 - DEBUG - nextobject: (117, 0.960784)
2025-08-21 11:48:59,083 - DEBUG - nexttoken: (125, 0.960784)
2025-08-21 11:48:59,083 - DEBUG - add_results: ((125, 0.960784),)
2025-08-21 11:48:59,083 - DEBUG - nextobject: (125, 0.960784)
2025-08-21 11:48:59,083 - DEBUG - nexttoken: (133, 0.960784)
2025-08-21 11:48:59,083 - DEBUG - add_results: ((133, 0.960784),)
2025-08-21 11:48:59,083 - DEBUG - nextobject: (133, 0.960784)
2025-08-21 11:48:59,083 - DEBUG - nexttoken: (141, /b'rg')
2025-08-21 11:48:59,083 - DEBUG - do_keyword: pos=141, token=/b'rg', stack=[]
2025-08-21 11:48:59,084 - DEBUG - add_results: ((141, /b'rg'),)
2025-08-21 11:48:59,084 - DEBUG - nextobject: (141, /b'rg')
2025-08-21 11:48:59,084 - DEBUG - exec: rg [0.960784, 0.960784, 0.960784]
2025-08-21 11:48:59,084 - DEBUG - nexttoken: (144, /b'BT')
2025-08-21 11:48:59,084 - DEBUG - do_keyword: pos=144, token=/b'BT', stack=[]
2025-08-21 11:48:59,084 - DEBUG - add_results: ((144, /b'BT'),)
2025-08-21 11:48:59,084 - DEBUG - nextobject: (144, /b'BT')
2025-08-21 11:48:59,084 - DEBUG - exec: BT
2025-08-21 11:48:59,084 - DEBUG - nexttoken: (147, /'F2')
2025-08-21 11:48:59,084 - DEBUG - add_results: ((147, /'F2'),)
2025-08-21 11:48:59,084 - DEBUG - nextobject: (147, /'F2')
2025-08-21 11:48:59,084 - DEBUG - nexttoken: (151, 10)
2025-08-21 11:48:59,084 - DEBUG - add_results: ((151, 10),)
2025-08-21 11:48:59,084 - DEBUG - nextobject: (151, 10)
2025-08-21 11:48:59,085 - DEBUG - nexttoken: (154, /b'Tf')
2025-08-21 11:48:59,085 - DEBUG - do_keyword: pos=154, token=/b'Tf', stack=[]
2025-08-21 11:48:59,085 - DEBUG - add_results: ((154, /b'Tf'),)
2025-08-21 11:48:59,085 - DEBUG - nextobject: (154, /b'Tf')
2025-08-21 11:48:59,085 - DEBUG - exec: Tf [/'F2', 10]
2025-08-21 11:48:59,085 - DEBUG - nexttoken: (157, 12)
2025-08-21 11:48:59,085 - DEBUG - add_results: ((157, 12),)
2025-08-21 11:48:59,085 - DEBUG - nextobject: (157, 12)
2025-08-21 11:48:59,085 - DEBUG - nexttoken: (160, /b'TL')
2025-08-21 11:48:59,085 - DEBUG - do_keyword: pos=160, token=/b'TL', stack=[]
2025-08-21 11:48:59,085 - DEBUG - add_results: ((160, /b'TL'),)
2025-08-21 11:48:59,085 - DEBUG - nextobject: (160, /b'TL')
2025-08-21 11:48:59,085 - DEBUG - exec: TL [12]
2025-08-21 11:48:59,085 - DEBUG - nexttoken: (163, /b'ET')
2025-08-21 11:48:59,085 - DEBUG - do_keyword: pos=163, token=/b'ET', stack=[]
2025-08-21 11:48:59,085 - DEBUG - add_results: ((163, /b'ET'),)
2025-08-21 11:48:59,085 - DEBUG - nextobject: (163, /b'ET')
2025-08-21 11:48:59,085 - DEBUG - exec: ET
2025-08-21 11:48:59,085 - DEBUG - nexttoken: (166, /b'BT')
2025-08-21 11:48:59,085 - DEBUG - do_keyword: pos=166, token=/b'BT', stack=[]
2025-08-21 11:48:59,085 - DEBUG - add_results: ((166, /b'BT'),)
2025-08-21 11:48:59,085 - DEBUG - nextobject: (166, /b'BT')
2025-08-21 11:48:59,085 - DEBUG - exec: BT
2025-08-21 11:48:59,085 - DEBUG - nexttoken: (169, 1)
2025-08-21 11:48:59,085 - DEBUG - add_results: ((169, 1),)
2025-08-21 11:48:59,085 - DEBUG - nextobject: (169, 1)
2025-08-21 11:48:59,085 - DEBUG - nexttoken: (171, 0)
2025-08-21 11:48:59,085 - DEBUG - add_results: ((171, 0),)
2025-08-21 11:48:59,085 - DEBUG - nextobject: (171, 0)
2025-08-21 11:48:59,085 - DEBUG - nexttoken: (173, 0)
2025-08-21 11:48:59,085 - DEBUG - add_results: ((173, 0),)
2025-08-21 11:48:59,085 - DEBUG - nextobject: (173, 0)
2025-08-21 11:48:59,085 - DEBUG - nexttoken: (175, 1)
2025-08-21 11:48:59,085 - DEBUG - add_results: ((175, 1),)
2025-08-21 11:48:59,085 - DEBUG - nextobject: (175, 1)
2025-08-21 11:48:59,085 - DEBUG - nexttoken: (177, 7.67)
2025-08-21 11:48:59,085 - DEBUG - add_results: ((177, 7.67),)
2025-08-21 11:48:59,085 - DEBUG - nextobject: (177, 7.67)
2025-08-21 11:48:59,085 - DEBUG - nexttoken: (182, 59)
2025-08-21 11:48:59,085 - DEBUG - add_results: ((182, 59),)
2025-08-21 11:48:59,085 - DEBUG - nextobject: (182, 59)
2025-08-21 11:48:59,085 - DEBUG - nexttoken: (185, /b'Tm')
2025-08-21 11:48:59,085 - DEBUG - do_keyword: pos=185, token=/b'Tm', stack=[]
2025-08-21 11:48:59,085 - DEBUG - add_results: ((185, /b'Tm'),)
2025-08-21 11:48:59,085 - DEBUG - nextobject: (185, /b'Tm')
2025-08-21 11:48:59,085 - DEBUG - exec: Tm [1, 0, 0, 1, 7.67, 59]
2025-08-21 11:48:59,086 - DEBUG - nexttoken: (188, b'Product')
2025-08-21 11:48:59,086 - DEBUG - add_results: ((188, b'Product'),)
2025-08-21 11:48:59,086 - DEBUG - nextobject: (188, b'Product')
2025-08-21 11:48:59,086 - DEBUG - nexttoken: (198, /b'Tj')
2025-08-21 11:48:59,086 - DEBUG - do_keyword: pos=198, token=/b'Tj', stack=[]
2025-08-21 11:48:59,086 - DEBUG - add_results: ((198, /b'Tj'),)
2025-08-21 11:48:59,086 - DEBUG - nextobject: (198, /b'Tj')
2025-08-21 11:48:59,086 - DEBUG - exec: Tj [b'Product']
2025-08-21 11:48:59,086 - DEBUG - nexttoken: (201, /b'T*')
2025-08-21 11:48:59,086 - DEBUG - do_keyword: pos=201, token=/b'T*', stack=[]
2025-08-21 11:48:59,086 - DEBUG - add_results: ((201, /b'T*'),)
2025-08-21 11:48:59,086 - DEBUG - nextobject: (201, /b'T*')
2025-08-21 11:48:59,086 - DEBUG - exec: T*
2025-08-21 11:48:59,086 - DEBUG - nexttoken: (204, /b'ET')
2025-08-21 11:48:59,086 - DEBUG - do_keyword: pos=204, token=/b'ET', stack=[]
2025-08-21 11:48:59,086 - DEBUG - add_results: ((204, /b'ET'),)
2025-08-21 11:48:59,086 - DEBUG - nextobject: (204, /b'ET')
2025-08-21 11:48:59,086 - DEBUG - exec: ET
2025-08-21 11:48:59,086 - DEBUG - nexttoken: (207, /b'BT')
2025-08-21 11:48:59,086 - DEBUG - do_keyword: pos=207, token=/b'BT', stack=[]
2025-08-21 11:48:59,086 - DEBUG - add_results: ((207, /b'BT'),)
2025-08-21 11:48:59,086 - DEBUG - nextobject: (207, /b'BT')
2025-08-21 11:48:59,086 - DEBUG - exec: BT
2025-08-21 11:48:59,086 - DEBUG - nexttoken: (210, 1)
2025-08-21 11:48:59,086 - DEBUG - add_results: ((210, 1),)
2025-08-21 11:48:59,086 - DEBUG - nextobject: (210, 1)
2025-08-21 11:48:59,086 - DEBUG - nexttoken: (212, 0)
2025-08-21 11:48:59,086 - DEBUG - add_results: ((212, 0),)
2025-08-21 11:48:59,086 - DEBUG - nextobject: (212, 0)
2025-08-21 11:48:59,086 - DEBUG - nexttoken: (214, 0)
2025-08-21 11:48:59,086 - DEBUG - add_results: ((214, 0),)
2025-08-21 11:48:59,086 - DEBUG - nextobject: (214, 0)
2025-08-21 11:48:59,086 - DEBUG - nexttoken: (216, 1)
2025-08-21 11:48:59,086 - DEBUG - add_results: ((216, 1),)
2025-08-21 11:48:59,086 - DEBUG - nextobject: (216, 1)
2025-08-21 11:48:59,086 - DEBUG - nexttoken: (218, 59.12)
2025-08-21 11:48:59,086 - DEBUG - add_results: ((218, 59.12),)
2025-08-21 11:48:59,086 - DEBUG - nextobject: (218, 59.12)
2025-08-21 11:48:59,086 - DEBUG - nexttoken: (224, 59)
2025-08-21 11:48:59,086 - DEBUG - add_results: ((224, 59),)
2025-08-21 11:48:59,086 - DEBUG - nextobject: (224, 59)
2025-08-21 11:48:59,086 - DEBUG - nexttoken: (227, /b'Tm')
2025-08-21 11:48:59,086 - DEBUG - do_keyword: pos=227, token=/b'Tm', stack=[]
2025-08-21 11:48:59,086 - DEBUG - add_results: ((227, /b'Tm'),)
2025-08-21 11:48:59,086 - DEBUG - nextobject: (227, /b'Tm')
2025-08-21 11:48:59,086 - DEBUG - exec: Tm [1, 0, 0, 1, 59.12, 59]
2025-08-21 11:48:59,086 - DEBUG - nexttoken: (230, b'Price')
2025-08-21 11:48:59,086 - DEBUG - add_results: ((230, b'Price'),)
2025-08-21 11:48:59,086 - DEBUG - nextobject: (230, b'Price')
2025-08-21 11:48:59,086 - DEBUG - nexttoken: (238, /b'Tj')
2025-08-21 11:48:59,086 - DEBUG - do_keyword: pos=238, token=/b'Tj', stack=[]
2025-08-21 11:48:59,086 - DEBUG - add_results: ((238, /b'Tj'),)
2025-08-21 11:48:59,086 - DEBUG - nextobject: (238, /b'Tj')
2025-08-21 11:48:59,086 - DEBUG - exec: Tj [b'Price']
2025-08-21 11:48:59,087 - DEBUG - nexttoken: (241, /b'T*')
2025-08-21 11:48:59,087 - DEBUG - do_keyword: pos=241, token=/b'T*', stack=[]
2025-08-21 11:48:59,087 - DEBUG - add_results: ((241, /b'T*'),)
2025-08-21 11:48:59,087 - DEBUG - nextobject: (241, /b'T*')
2025-08-21 11:48:59,087 - DEBUG - exec: T*
2025-08-21 11:48:59,087 - DEBUG - nexttoken: (244, /b'ET')
2025-08-21 11:48:59,087 - DEBUG - do_keyword: pos=244, token=/b'ET', stack=[]
2025-08-21 11:48:59,087 - DEBUG - add_results: ((244, /b'ET'),)
2025-08-21 11:48:59,087 - DEBUG - nextobject: (244, /b'ET')
2025-08-21 11:48:59,087 - DEBUG - exec: ET
2025-08-21 11:48:59,087 - DEBUG - nexttoken: (247, /b'BT')
2025-08-21 11:48:59,087 - DEBUG - do_keyword: pos=247, token=/b'BT', stack=[]
2025-08-21 11:48:59,087 - DEBUG - add_results: ((247, /b'BT'),)
2025-08-21 11:48:59,087 - DEBUG - nextobject: (247, /b'BT')
2025-08-21 11:48:59,087 - DEBUG - exec: BT
2025-08-21 11:48:59,087 - DEBUG - nexttoken: (250, 1)
2025-08-21 11:48:59,087 - DEBUG - add_results: ((250, 1),)
2025-08-21 11:48:59,087 - DEBUG - nextobject: (250, 1)
2025-08-21 11:48:59,087 - DEBUG - nexttoken: (252, 0)
2025-08-21 11:48:59,087 - DEBUG - add_results: ((252, 0),)
2025-08-21 11:48:59,087 - DEBUG - nextobject: (252, 0)
2025-08-21 11:48:59,087 - DEBUG - nexttoken: (254, 0)
2025-08-21 11:48:59,087 - DEBUG - add_results: ((254, 0),)
2025-08-21 11:48:59,087 - DEBUG - nextobject: (254, 0)
2025-08-21 11:48:59,087 - DEBUG - nexttoken: (256, 1)
2025-08-21 11:48:59,087 - DEBUG - add_results: ((256, 1),)
2025-08-21 11:48:59,087 - DEBUG - nextobject: (256, 1)
2025-08-21 11:48:59,087 - DEBUG - nexttoken: (258, 95.58)
2025-08-21 11:48:59,087 - DEBUG - add_results: ((258, 95.58),)
2025-08-21 11:48:59,087 - DEBUG - nextobject: (258, 95.58)
2025-08-21 11:48:59,087 - DEBUG - nexttoken: (264, 59)
2025-08-21 11:48:59,087 - DEBUG - add_results: ((264, 59),)
2025-08-21 11:48:59,087 - DEBUG - nextobject: (264, 59)
2025-08-21 11:48:59,087 - DEBUG - nexttoken: (267, /b'Tm')
2025-08-21 11:48:59,087 - DEBUG - do_keyword: pos=267, token=/b'Tm', stack=[]
2025-08-21 11:48:59,087 - DEBUG - add_results: ((267, /b'Tm'),)
2025-08-21 11:48:59,087 - DEBUG - nextobject: (267, /b'Tm')
2025-08-21 11:48:59,087 - DEBUG - exec: Tm [1, 0, 0, 1, 95.58, 59]
2025-08-21 11:48:59,087 - DEBUG - nexttoken: (270, b'Quantity')
2025-08-21 11:48:59,087 - DEBUG - add_results: ((270, b'Quantity'),)
2025-08-21 11:48:59,087 - DEBUG - nextobject: (270, b'Quantity')
2025-08-21 11:48:59,087 - DEBUG - nexttoken: (281, /b'Tj')
2025-08-21 11:48:59,087 - DEBUG - do_keyword: pos=281, token=/b'Tj', stack=[]
2025-08-21 11:48:59,087 - DEBUG - add_results: ((281, /b'Tj'),)
2025-08-21 11:48:59,088 - DEBUG - nextobject: (281, /b'Tj')
2025-08-21 11:48:59,088 - DEBUG - exec: Tj [b'Quantity']
2025-08-21 11:48:59,088 - DEBUG - nexttoken: (284, /b'T*')
2025-08-21 11:48:59,088 - DEBUG - do_keyword: pos=284, token=/b'T*', stack=[]
2025-08-21 11:48:59,088 - DEBUG - add_results: ((284, /b'T*'),)
2025-08-21 11:48:59,088 - DEBUG - nextobject: (284, /b'T*')
2025-08-21 11:48:59,088 - DEBUG - exec: T*
2025-08-21 11:48:59,088 - DEBUG - nexttoken: (287, /b'ET')
2025-08-21 11:48:59,088 - DEBUG - do_keyword: pos=287, token=/b'ET', stack=[]
2025-08-21 11:48:59,088 - DEBUG - add_results: ((287, /b'ET'),)
2025-08-21 11:48:59,088 - DEBUG - nextobject: (287, /b'ET')
2025-08-21 11:48:59,088 - DEBUG - exec: ET
2025-08-21 11:48:59,088 - DEBUG - nexttoken: (290, 0)
2025-08-21 11:48:59,088 - DEBUG - add_results: ((290, 0),)
2025-08-21 11:48:59,088 - DEBUG - nextobject: (290, 0)
2025-08-21 11:48:59,088 - DEBUG - nexttoken: (292, 0)
2025-08-21 11:48:59,088 - DEBUG - add_results: ((292, 0),)
2025-08-21 11:48:59,088 - DEBUG - nextobject: (292, 0)
2025-08-21 11:48:59,088 - DEBUG - nexttoken: (294, 0)
2025-08-21 11:48:59,088 - DEBUG - add_results: ((294, 0),)
2025-08-21 11:48:59,088 - DEBUG - nextobject: (294, 0)
2025-08-21 11:48:59,088 - DEBUG - nexttoken: (296, /b'rg')
2025-08-21 11:48:59,088 - DEBUG - do_keyword: pos=296, token=/b'rg', stack=[]
2025-08-21 11:48:59,088 - DEBUG - add_results: ((296, /b'rg'),)
2025-08-21 11:48:59,088 - DEBUG - nextobject: (296, /b'rg')
2025-08-21 11:48:59,088 - DEBUG - exec: rg [0, 0, 0]
2025-08-21 11:48:59,088 - DEBUG - nexttoken: (299, /b'BT')
2025-08-21 11:48:59,088 - DEBUG - do_keyword: pos=299, token=/b'BT', stack=[]
2025-08-21 11:48:59,088 - DEBUG - add_results: ((299, /b'BT'),)
2025-08-21 11:48:59,088 - DEBUG - nextobject: (299, /b'BT')
2025-08-21 11:48:59,088 - DEBUG - exec: BT
2025-08-21 11:48:59,088 - DEBUG - nexttoken: (302, /'F1')
2025-08-21 11:48:59,088 - DEBUG - add_results: ((302, /'F1'),)
2025-08-21 11:48:59,088 - DEBUG - nextobject: (302, /'F1')
2025-08-21 11:48:59,088 - DEBUG - nexttoken: (306, 10)
2025-08-21 11:48:59,088 - DEBUG - add_results: ((306, 10),)
2025-08-21 11:48:59,088 - DEBUG - nextobject: (306, 10)
2025-08-21 11:48:59,088 - DEBUG - nexttoken: (309, /b'Tf')
2025-08-21 11:48:59,088 - DEBUG - do_keyword: pos=309, token=/b'Tf', stack=[]
2025-08-21 11:48:59,088 - DEBUG - add_results: ((309, /b'Tf'),)
2025-08-21 11:48:59,088 - DEBUG - nextobject: (309, /b'Tf')
2025-08-21 11:48:59,088 - DEBUG - exec: Tf [/'F1', 10]
2025-08-21 11:48:59,088 - DEBUG - nexttoken: (312, 12)
2025-08-21 11:48:59,088 - DEBUG - add_results: ((312, 12),)
2025-08-21 11:48:59,088 - DEBUG - nextobject: (312, 12)
2025-08-21 11:48:59,088 - DEBUG - nexttoken: (315, /b'TL')
2025-08-21 11:48:59,088 - DEBUG - do_keyword: pos=315, token=/b'TL', stack=[]
2025-08-21 11:48:59,088 - DEBUG - add_results: ((315, /b'TL'),)
2025-08-21 11:48:59,088 - DEBUG - nextobject: (315, /b'TL')
2025-08-21 11:48:59,088 - DEBUG - exec: TL [12]
2025-08-21 11:48:59,088 - DEBUG - nexttoken: (318, /b'ET')
2025-08-21 11:48:59,089 - DEBUG - do_keyword: pos=318, token=/b'ET', stack=[]
2025-08-21 11:48:59,089 - DEBUG - add_results: ((318, /b'ET'),)
2025-08-21 11:48:59,089 - DEBUG - nextobject: (318, /b'ET')
2025-08-21 11:48:59,089 - DEBUG - exec: ET
2025-08-21 11:48:59,089 - DEBUG - nexttoken: (321, /b'BT')
2025-08-21 11:48:59,089 - DEBUG - do_keyword: pos=321, token=/b'BT', stack=[]
2025-08-21 11:48:59,089 - DEBUG - add_results: ((321, /b'BT'),)
2025-08-21 11:48:59,089 - DEBUG - nextobject: (321, /b'BT')
2025-08-21 11:48:59,089 - DEBUG - exec: BT
2025-08-21 11:48:59,089 - DEBUG - nexttoken: (324, 1)
2025-08-21 11:48:59,089 - DEBUG - add_results: ((324, 1),)
2025-08-21 11:48:59,089 - DEBUG - nextobject: (324, 1)
2025-08-21 11:48:59,089 - DEBUG - nexttoken: (326, 0)
2025-08-21 11:48:59,089 - DEBUG - add_results: ((326, 0),)
2025-08-21 11:48:59,089 - DEBUG - nextobject: (326, 0)
2025-08-21 11:48:59,089 - DEBUG - nexttoken: (328, 0)
2025-08-21 11:48:59,089 - DEBUG - add_results: ((328, 0),)
2025-08-21 11:48:59,089 - DEBUG - nextobject: (328, 0)
2025-08-21 11:48:59,089 - DEBUG - nexttoken: (330, 1)
2025-08-21 11:48:59,089 - DEBUG - add_results: ((330, 1),)
2025-08-21 11:48:59,089 - DEBUG - nextobject: (330, 1)
2025-08-21 11:48:59,089 - DEBUG - nexttoken: (332, 6.275)
2025-08-21 11:48:59,089 - DEBUG - add_results: ((332, 6.275),)
2025-08-21 11:48:59,089 - DEBUG - nextobject: (332, 6.275)
2025-08-21 11:48:59,089 - DEBUG - nexttoken: (338, 41)
2025-08-21 11:48:59,089 - DEBUG - add_results: ((338, 41),)
2025-08-21 11:48:59,089 - DEBUG - nextobject: (338, 41)
2025-08-21 11:48:59,089 - DEBUG - nexttoken: (341, /b'Tm')
2025-08-21 11:48:59,089 - DEBUG - do_keyword: pos=341, token=/b'Tm', stack=[]
2025-08-21 11:48:59,089 - DEBUG - add_results: ((341, /b'Tm'),)
2025-08-21 11:48:59,089 - DEBUG - nextobject: (341, /b'Tm')
2025-08-21 11:48:59,089 - DEBUG - exec: Tm [1, 0, 0, 1, 6.275, 41]
2025-08-21 11:48:59,089 - DEBUG - nexttoken: (344, b'Widget A')
2025-08-21 11:48:59,089 - DEBUG - add_results: ((344, b'Widget A'),)
2025-08-21 11:48:59,089 - DEBUG - nextobject: (344, b'Widget A')
2025-08-21 11:48:59,089 - DEBUG - nexttoken: (355, /b'Tj')
2025-08-21 11:48:59,089 - DEBUG - do_keyword: pos=355, token=/b'Tj', stack=[]
2025-08-21 11:48:59,089 - DEBUG - add_results: ((355, /b'Tj'),)
2025-08-21 11:48:59,089 - DEBUG - nextobject: (355, /b'Tj')
2025-08-21 11:48:59,089 - DEBUG - exec: Tj [b'Widget A']
2025-08-21 11:48:59,090 - DEBUG - nexttoken: (358, /b'T*')
2025-08-21 11:48:59,090 - DEBUG - do_keyword: pos=358, token=/b'T*', stack=[]
2025-08-21 11:48:59,090 - DEBUG - add_results: ((358, /b'T*'),)
2025-08-21 11:48:59,090 - DEBUG - nextobject: (358, /b'T*')
2025-08-21 11:48:59,090 - DEBUG - exec: T*
2025-08-21 11:48:59,090 - DEBUG - nexttoken: (361, /b'ET')
2025-08-21 11:48:59,090 - DEBUG - do_keyword: pos=361, token=/b'ET', stack=[]
2025-08-21 11:48:59,090 - DEBUG - add_results: ((361, /b'ET'),)
2025-08-21 11:48:59,090 - DEBUG - nextobject: (361, /b'ET')
2025-08-21 11:48:59,090 - DEBUG - exec: ET
2025-08-21 11:48:59,090 - DEBUG - nexttoken: (364, /b'BT')
2025-08-21 11:48:59,090 - DEBUG - do_keyword: pos=364, token=/b'BT', stack=[]
2025-08-21 11:48:59,090 - DEBUG - add_results: ((364, /b'BT'),)
2025-08-21 11:48:59,090 - DEBUG - nextobject: (364, /b'BT')
2025-08-21 11:48:59,090 - DEBUG - exec: BT
2025-08-21 11:48:59,090 - DEBUG - nexttoken: (367, 1)
2025-08-21 11:48:59,090 - DEBUG - add_results: ((367, 1),)
2025-08-21 11:48:59,090 - DEBUG - nextobject: (367, 1)
2025-08-21 11:48:59,090 - DEBUG - nexttoken: (369, 0)
2025-08-21 11:48:59,090 - DEBUG - add_results: ((369, 0),)
2025-08-21 11:48:59,090 - DEBUG - nextobject: (369, 0)
2025-08-21 11:48:59,090 - DEBUG - nexttoken: (371, 0)
2025-08-21 11:48:59,090 - DEBUG - add_results: ((371, 0),)
2025-08-21 11:48:59,090 - DEBUG - nextobject: (371, 0)
2025-08-21 11:48:59,090 - DEBUG - nexttoken: (373, 1)
2025-08-21 11:48:59,090 - DEBUG - add_results: ((373, 1),)
2025-08-21 11:48:59,090 - DEBUG - nextobject: (373, 1)
2025-08-21 11:48:59,090 - DEBUG - nexttoken: (375, 64.4)
2025-08-21 11:48:59,090 - DEBUG - add_results: ((375, 64.4),)
2025-08-21 11:48:59,090 - DEBUG - nextobject: (375, 64.4)
2025-08-21 11:48:59,090 - DEBUG - nexttoken: (380, 41)
2025-08-21 11:48:59,090 - DEBUG - add_results: ((380, 41),)
2025-08-21 11:48:59,090 - DEBUG - nextobject: (380, 41)
2025-08-21 11:48:59,090 - DEBUG - nexttoken: (383, /b'Tm')
2025-08-21 11:48:59,090 - DEBUG - do_keyword: pos=383, token=/b'Tm', stack=[]
2025-08-21 11:48:59,090 - DEBUG - add_results: ((383, /b'Tm'),)
2025-08-21 11:48:59,090 - DEBUG - nextobject: (383, /b'Tm')
2025-08-21 11:48:59,090 - DEBUG - exec: Tm [1, 0, 0, 1, 64.4, 41]
2025-08-21 11:48:59,090 - DEBUG - nexttoken: (386, b'.99')
2025-08-21 11:48:59,090 - DEBUG - add_results: ((386, b'.99'),)
2025-08-21 11:48:59,090 - DEBUG - nextobject: (386, b'.99')
2025-08-21 11:48:59,090 - DEBUG - nexttoken: (392, /b'Tj')
2025-08-21 11:48:59,090 - DEBUG - do_keyword: pos=392, token=/b'Tj', stack=[]
2025-08-21 11:48:59,090 - DEBUG - add_results: ((392, /b'Tj'),)
2025-08-21 11:48:59,090 - DEBUG - nextobject: (392, /b'Tj')
2025-08-21 11:48:59,090 - DEBUG - exec: Tj [b'.99']
2025-08-21 11:48:59,090 - DEBUG - nexttoken: (395, /b'T*')
2025-08-21 11:48:59,090 - DEBUG - do_keyword: pos=395, token=/b'T*', stack=[]
2025-08-21 11:48:59,090 - DEBUG - add_results: ((395, /b'T*'),)
2025-08-21 11:48:59,091 - DEBUG - nextobject: (395, /b'T*')
2025-08-21 11:48:59,091 - DEBUG - exec: T*
2025-08-21 11:48:59,091 - DEBUG - nexttoken: (398, /b'ET')
2025-08-21 11:48:59,091 - DEBUG - do_keyword: pos=398, token=/b'ET', stack=[]
2025-08-21 11:48:59,091 - DEBUG - add_results: ((398, /b'ET'),)
2025-08-21 11:48:59,091 - DEBUG - nextobject: (398, /b'ET')
2025-08-21 11:48:59,091 - DEBUG - exec: ET
2025-08-21 11:48:59,091 - DEBUG - nexttoken: (401, /b'BT')
2025-08-21 11:48:59,091 - DEBUG - do_keyword: pos=401, token=/b'BT', stack=[]
2025-08-21 11:48:59,091 - DEBUG - add_results: ((401, /b'BT'),)
2025-08-21 11:48:59,091 - DEBUG - nextobject: (401, /b'BT')
2025-08-21 11:48:59,091 - DEBUG - exec: BT
2025-08-21 11:48:59,091 - DEBUG - nexttoken: (404, 1)
2025-08-21 11:48:59,091 - DEBUG - add_results: ((404, 1),)
2025-08-21 11:48:59,091 - DEBUG - nextobject: (404, 1)
2025-08-21 11:48:59,091 - DEBUG - nexttoken: (406, 0)
2025-08-21 11:48:59,091 - DEBUG - add_results: ((406, 0),)
2025-08-21 11:48:59,091 - DEBUG - nextobject: (406, 0)
2025-08-21 11:48:59,091 - DEBUG - nexttoken: (408, 0)
2025-08-21 11:48:59,091 - DEBUG - add_results: ((408, 0),)
2025-08-21 11:48:59,091 - DEBUG - nextobject: (408, 0)
2025-08-21 11:48:59,091 - DEBUG - nexttoken: (410, 1)
2025-08-21 11:48:59,091 - DEBUG - add_results: ((410, 1),)
2025-08-21 11:48:59,091 - DEBUG - nextobject: (410, 1)
2025-08-21 11:48:59,091 - DEBUG - nexttoken: (412, 107.52)
2025-08-21 11:48:59,091 - DEBUG - add_results: ((412, 107.52),)
2025-08-21 11:48:59,091 - DEBUG - nextobject: (412, 107.52)
2025-08-21 11:48:59,091 - DEBUG - nexttoken: (419, 41)
2025-08-21 11:48:59,091 - DEBUG - add_results: ((419, 41),)
2025-08-21 11:48:59,091 - DEBUG - nextobject: (419, 41)
2025-08-21 11:48:59,091 - DEBUG - nexttoken: (422, /b'Tm')
2025-08-21 11:48:59,091 - DEBUG - do_keyword: pos=422, token=/b'Tm', stack=[]
2025-08-21 11:48:59,091 - DEBUG - add_results: ((422, /b'Tm'),)
2025-08-21 11:48:59,091 - DEBUG - nextobject: (422, /b'Tm')
2025-08-21 11:48:59,091 - DEBUG - exec: Tm [1, 0, 0, 1, 107.52, 41]
2025-08-21 11:48:59,091 - DEBUG - nexttoken: (425, b'100')
2025-08-21 11:48:59,091 - DEBUG - add_results: ((425, b'100'),)
2025-08-21 11:48:59,091 - DEBUG - nextobject: (425, b'100')
2025-08-21 11:48:59,091 - DEBUG - nexttoken: (431, /b'Tj')
2025-08-21 11:48:59,091 - DEBUG - do_keyword: pos=431, token=/b'Tj', stack=[]
2025-08-21 11:48:59,091 - DEBUG - add_results: ((431, /b'Tj'),)
2025-08-21 11:48:59,091 - DEBUG - nextobject: (431, /b'Tj')
2025-08-21 11:48:59,091 - DEBUG - exec: Tj [b'100']
2025-08-21 11:48:59,091 - DEBUG - nexttoken: (434, /b'T*')
2025-08-21 11:48:59,091 - DEBUG - do_keyword: pos=434, token=/b'T*', stack=[]
2025-08-21 11:48:59,091 - DEBUG - add_results: ((434, /b'T*'),)
2025-08-21 11:48:59,091 - DEBUG - nextobject: (434, /b'T*')
2025-08-21 11:48:59,091 - DEBUG - exec: T*
2025-08-21 11:48:59,091 - DEBUG - nexttoken: (437, /b'ET')
2025-08-21 11:48:59,091 - DEBUG - do_keyword: pos=437, token=/b'ET', stack=[]
2025-08-21 11:48:59,091 - DEBUG - add_results: ((437, /b'ET'),)
2025-08-21 11:48:59,091 - DEBUG - nextobject: (437, /b'ET')
2025-08-21 11:48:59,092 - DEBUG - exec: ET
2025-08-21 11:48:59,092 - DEBUG - nexttoken: (440, /b'BT')
2025-08-21 11:48:59,092 - DEBUG - do_keyword: pos=440, token=/b'BT', stack=[]
2025-08-21 11:48:59,092 - DEBUG - add_results: ((440, /b'BT'),)
2025-08-21 11:48:59,092 - DEBUG - nextobject: (440, /b'BT')
2025-08-21 11:48:59,092 - DEBUG - exec: BT
2025-08-21 11:48:59,092 - DEBUG - nexttoken: (443, 1)
2025-08-21 11:48:59,092 - DEBUG - add_results: ((443, 1),)
2025-08-21 11:48:59,092 - DEBUG - nextobject: (443, 1)
2025-08-21 11:48:59,092 - DEBUG - nexttoken: (445, 0)
2025-08-21 11:48:59,092 - DEBUG - add_results: ((445, 0),)
2025-08-21 11:48:59,092 - DEBUG - nextobject: (445, 0)
2025-08-21 11:48:59,092 - DEBUG - nexttoken: (447, 0)
2025-08-21 11:48:59,092 - DEBUG - add_results: ((447, 0),)
2025-08-21 11:48:59,092 - DEBUG - nextobject: (447, 0)
2025-08-21 11:48:59,092 - DEBUG - nexttoken: (449, 1)
2025-08-21 11:48:59,092 - DEBUG - add_results: ((449, 1),)
2025-08-21 11:48:59,092 - DEBUG - nextobject: (449, 1)
2025-08-21 11:48:59,092 - DEBUG - nexttoken: (451, 6.275)
2025-08-21 11:48:59,092 - DEBUG - add_results: ((451, 6.275),)
2025-08-21 11:48:59,092 - DEBUG - nextobject: (451, 6.275)
2025-08-21 11:48:59,092 - DEBUG - nexttoken: (457, 23)
2025-08-21 11:48:59,092 - DEBUG - add_results: ((457, 23),)
2025-08-21 11:48:59,092 - DEBUG - nextobject: (457, 23)
2025-08-21 11:48:59,092 - DEBUG - nexttoken: (460, /b'Tm')
2025-08-21 11:48:59,092 - DEBUG - do_keyword: pos=460, token=/b'Tm', stack=[]
2025-08-21 11:48:59,092 - DEBUG - add_results: ((460, /b'Tm'),)
2025-08-21 11:48:59,092 - DEBUG - nextobject: (460, /b'Tm')
2025-08-21 11:48:59,092 - DEBUG - exec: Tm [1, 0, 0, 1, 6.275, 23]
2025-08-21 11:48:59,092 - DEBUG - nexttoken: (463, b'Widget B')
2025-08-21 11:48:59,092 - DEBUG - add_results: ((463, b'Widget B'),)
2025-08-21 11:48:59,092 - DEBUG - nextobject: (463, b'Widget B')
2025-08-21 11:48:59,092 - DEBUG - nexttoken: (474, /b'Tj')
2025-08-21 11:48:59,092 - DEBUG - do_keyword: pos=474, token=/b'Tj', stack=[]
2025-08-21 11:48:59,092 - DEBUG - add_results: ((474, /b'Tj'),)
2025-08-21 11:48:59,092 - DEBUG - nextobject: (474, /b'Tj')
2025-08-21 11:48:59,092 - DEBUG - exec: Tj [b'Widget B']
2025-08-21 11:48:59,092 - DEBUG - nexttoken: (477, /b'T*')
2025-08-21 11:48:59,092 - DEBUG - do_keyword: pos=477, token=/b'T*', stack=[]
2025-08-21 11:48:59,092 - DEBUG - add_results: ((477, /b'T*'),)
2025-08-21 11:48:59,092 - DEBUG - nextobject: (477, /b'T*')
2025-08-21 11:48:59,092 - DEBUG - exec: T*
2025-08-21 11:48:59,092 - DEBUG - nexttoken: (480, /b'ET')
2025-08-21 11:48:59,092 - DEBUG - do_keyword: pos=480, token=/b'ET', stack=[]
2025-08-21 11:48:59,092 - DEBUG - add_results: ((480, /b'ET'),)
2025-08-21 11:48:59,092 - DEBUG - nextobject: (480, /b'ET')
2025-08-21 11:48:59,092 - DEBUG - exec: ET
2025-08-21 11:48:59,092 - DEBUG - nexttoken: (483, /b'BT')
2025-08-21 11:48:59,092 - DEBUG - do_keyword: pos=483, token=/b'BT', stack=[]
2025-08-21 11:48:59,092 - DEBUG - add_results: ((483, /b'BT'),)
2025-08-21 11:48:59,092 - DEBUG - nextobject: (483, /b'BT')
2025-08-21 11:48:59,092 - DEBUG - exec: BT
2025-08-21 11:48:59,092 - DEBUG - nexttoken: (486, 1)
2025-08-21 11:48:59,092 - DEBUG - add_results: ((486, 1),)
2025-08-21 11:48:59,092 - DEBUG - nextobject: (486, 1)
2025-08-21 11:48:59,093 - DEBUG - nexttoken: (488, 0)
2025-08-21 11:48:59,093 - DEBUG - add_results: ((488, 0),)
2025-08-21 11:48:59,093 - DEBUG - nextobject: (488, 0)
2025-08-21 11:48:59,093 - DEBUG - nexttoken: (490, 0)
2025-08-21 11:48:59,093 - DEBUG - add_results: ((490, 0),)
2025-08-21 11:48:59,093 - DEBUG - nextobject: (490, 0)
2025-08-21 11:48:59,093 - DEBUG - nexttoken: (492, 1)
2025-08-21 11:48:59,093 - DEBUG - add_results: ((492, 1),)
2025-08-21 11:48:59,093 - DEBUG - nextobject: (492, 1)
2025-08-21 11:48:59,093 - DEBUG - nexttoken: (494, 64.4)
2025-08-21 11:48:59,093 - DEBUG - add_results: ((494, 64.4),)
2025-08-21 11:48:59,093 - DEBUG - nextobject: (494, 64.4)
2025-08-21 11:48:59,093 - DEBUG - nexttoken: (499, 23)
2025-08-21 11:48:59,093 - DEBUG - add_results: ((499, 23),)
2025-08-21 11:48:59,093 - DEBUG - nextobject: (499, 23)
2025-08-21 11:48:59,093 - DEBUG - nexttoken: (502, /b'Tm')
2025-08-21 11:48:59,093 - DEBUG - do_keyword: pos=502, token=/b'Tm', stack=[]
2025-08-21 11:48:59,093 - DEBUG - add_results: ((502, /b'Tm'),)
2025-08-21 11:48:59,093 - DEBUG - nextobject: (502, /b'Tm')
2025-08-21 11:48:59,093 - DEBUG - exec: Tm [1, 0, 0, 1, 64.4, 23]
2025-08-21 11:48:59,093 - DEBUG - nexttoken: (505, b'.50')
2025-08-21 11:48:59,093 - DEBUG - add_results: ((505, b'.50'),)
2025-08-21 11:48:59,093 - DEBUG - nextobject: (505, b'.50')
2025-08-21 11:48:59,093 - DEBUG - nexttoken: (511, /b'Tj')
2025-08-21 11:48:59,093 - DEBUG - do_keyword: pos=511, token=/b'Tj', stack=[]
2025-08-21 11:48:59,093 - DEBUG - add_results: ((511, /b'Tj'),)
2025-08-21 11:48:59,093 - DEBUG - nextobject: (511, /b'Tj')
2025-08-21 11:48:59,093 - DEBUG - exec: Tj [b'.50']
2025-08-21 11:48:59,093 - DEBUG - nexttoken: (514, /b'T*')
2025-08-21 11:48:59,093 - DEBUG - do_keyword: pos=514, token=/b'T*', stack=[]
2025-08-21 11:48:59,093 - DEBUG - add_results: ((514, /b'T*'),)
2025-08-21 11:48:59,093 - DEBUG - nextobject: (514, /b'T*')
2025-08-21 11:48:59,093 - DEBUG - exec: T*
2025-08-21 11:48:59,093 - DEBUG - nexttoken: (517, /b'ET')
2025-08-21 11:48:59,093 - DEBUG - do_keyword: pos=517, token=/b'ET', stack=[]
2025-08-21 11:48:59,093 - DEBUG - add_results: ((517, /b'ET'),)
2025-08-21 11:48:59,093 - DEBUG - nextobject: (517, /b'ET')
2025-08-21 11:48:59,093 - DEBUG - exec: ET
2025-08-21 11:48:59,093 - DEBUG - nexttoken: (520, /b'BT')
2025-08-21 11:48:59,093 - DEBUG - do_keyword: pos=520, token=/b'BT', stack=[]
2025-08-21 11:48:59,093 - DEBUG - add_results: ((520, /b'BT'),)
2025-08-21 11:48:59,093 - DEBUG - nextobject: (520, /b'BT')
2025-08-21 11:48:59,093 - DEBUG - exec: BT
2025-08-21 11:48:59,093 - DEBUG - nexttoken: (523, 1)
2025-08-21 11:48:59,094 - DEBUG - add_results: ((523, 1),)
2025-08-21 11:48:59,094 - DEBUG - nextobject: (523, 1)
2025-08-21 11:48:59,094 - DEBUG - nexttoken: (525, 0)
2025-08-21 11:48:59,094 - DEBUG - add_results: ((525, 0),)
2025-08-21 11:48:59,094 - DEBUG - nextobject: (525, 0)
2025-08-21 11:48:59,094 - DEBUG - nexttoken: (527, 0)
2025-08-21 11:48:59,094 - DEBUG - add_results: ((527, 0),)
2025-08-21 11:48:59,094 - DEBUG - nextobject: (527, 0)
2025-08-21 11:48:59,094 - DEBUG - nexttoken: (529, 1)
2025-08-21 11:48:59,094 - DEBUG - add_results: ((529, 1),)
2025-08-21 11:48:59,094 - DEBUG - nextobject: (529, 1)
2025-08-21 11:48:59,094 - DEBUG - nexttoken: (531, 110.3)
2025-08-21 11:48:59,094 - DEBUG - add_results: ((531, 110.3),)
2025-08-21 11:48:59,094 - DEBUG - nextobject: (531, 110.3)
2025-08-21 11:48:59,094 - DEBUG - nexttoken: (537, 23)
2025-08-21 11:48:59,094 - DEBUG - add_results: ((537, 23),)
2025-08-21 11:48:59,094 - DEBUG - nextobject: (537, 23)
2025-08-21 11:48:59,094 - DEBUG - nexttoken: (540, /b'Tm')
2025-08-21 11:48:59,094 - DEBUG - do_keyword: pos=540, token=/b'Tm', stack=[]
2025-08-21 11:48:59,094 - DEBUG - add_results: ((540, /b'Tm'),)
2025-08-21 11:48:59,094 - DEBUG - nextobject: (540, /b'Tm')
2025-08-21 11:48:59,094 - DEBUG - exec: Tm [1, 0, 0, 1, 110.3, 23]
2025-08-21 11:48:59,094 - DEBUG - nexttoken: (543, b'75')
2025-08-21 11:48:59,094 - DEBUG - add_results: ((543, b'75'),)
2025-08-21 11:48:59,094 - DEBUG - nextobject: (543, b'75')
2025-08-21 11:48:59,094 - DEBUG - nexttoken: (548, /b'Tj')
2025-08-21 11:48:59,094 - DEBUG - do_keyword: pos=548, token=/b'Tj', stack=[]
2025-08-21 11:48:59,094 - DEBUG - add_results: ((548, /b'Tj'),)
2025-08-21 11:48:59,094 - DEBUG - nextobject: (548, /b'Tj')
2025-08-21 11:48:59,094 - DEBUG - exec: Tj [b'75']
2025-08-21 11:48:59,094 - DEBUG - nexttoken: (551, /b'T*')
2025-08-21 11:48:59,094 - DEBUG - do_keyword: pos=551, token=/b'T*', stack=[]
2025-08-21 11:48:59,094 - DEBUG - add_results: ((551, /b'T*'),)
2025-08-21 11:48:59,094 - DEBUG - nextobject: (551, /b'T*')
2025-08-21 11:48:59,094 - DEBUG - exec: T*
2025-08-21 11:48:59,094 - DEBUG - nexttoken: (554, /b'ET')
2025-08-21 11:48:59,094 - DEBUG - do_keyword: pos=554, token=/b'ET', stack=[]
2025-08-21 11:48:59,094 - DEBUG - add_results: ((554, /b'ET'),)
2025-08-21 11:48:59,094 - DEBUG - nextobject: (554, /b'ET')
2025-08-21 11:48:59,094 - DEBUG - exec: ET
2025-08-21 11:48:59,094 - DEBUG - nexttoken: (557, /b'BT')
2025-08-21 11:48:59,094 - DEBUG - do_keyword: pos=557, token=/b'BT', stack=[]
2025-08-21 11:48:59,094 - DEBUG - add_results: ((557, /b'BT'),)
2025-08-21 11:48:59,094 - DEBUG - nextobject: (557, /b'BT')
2025-08-21 11:48:59,094 - DEBUG - exec: BT
2025-08-21 11:48:59,094 - DEBUG - nexttoken: (560, 1)
2025-08-21 11:48:59,094 - DEBUG - add_results: ((560, 1),)
2025-08-21 11:48:59,094 - DEBUG - nextobject: (560, 1)
2025-08-21 11:48:59,094 - DEBUG - nexttoken: (562, 0)
2025-08-21 11:48:59,094 - DEBUG - add_results: ((562, 0),)
2025-08-21 11:48:59,094 - DEBUG - nextobject: (562, 0)
2025-08-21 11:48:59,095 - DEBUG - nexttoken: (564, 0)
2025-08-21 11:48:59,095 - DEBUG - add_results: ((564, 0),)
2025-08-21 11:48:59,095 - DEBUG - nextobject: (564, 0)
2025-08-21 11:48:59,095 - DEBUG - nexttoken: (566, 1)
2025-08-21 11:48:59,095 - DEBUG - add_results: ((566, 1),)
2025-08-21 11:48:59,095 - DEBUG - nextobject: (566, 1)
2025-08-21 11:48:59,095 - DEBUG - nexttoken: (568, 6)
2025-08-21 11:48:59,095 - DEBUG - add_results: ((568, 6),)
2025-08-21 11:48:59,095 - DEBUG - nextobject: (568, 6)
2025-08-21 11:48:59,095 - DEBUG - nexttoken: (570, 5)
2025-08-21 11:48:59,095 - DEBUG - add_results: ((570, 5),)
2025-08-21 11:48:59,095 - DEBUG - nextobject: (570, 5)
2025-08-21 11:48:59,095 - DEBUG - nexttoken: (572, /b'Tm')
2025-08-21 11:48:59,095 - DEBUG - do_keyword: pos=572, token=/b'Tm', stack=[]
2025-08-21 11:48:59,095 - DEBUG - add_results: ((572, /b'Tm'),)
2025-08-21 11:48:59,095 - DEBUG - nextobject: (572, /b'Tm')
2025-08-21 11:48:59,095 - DEBUG - exec: Tm [1, 0, 0, 1, 6, 5]
2025-08-21 11:48:59,095 - DEBUG - nexttoken: (575, b'Widget C')
2025-08-21 11:48:59,095 - DEBUG - add_results: ((575, b'Widget C'),)
2025-08-21 11:48:59,095 - DEBUG - nextobject: (575, b'Widget C')
2025-08-21 11:48:59,095 - DEBUG - nexttoken: (586, /b'Tj')
2025-08-21 11:48:59,095 - DEBUG - do_keyword: pos=586, token=/b'Tj', stack=[]
2025-08-21 11:48:59,095 - DEBUG - add_results: ((586, /b'Tj'),)
2025-08-21 11:48:59,095 - DEBUG - nextobject: (586, /b'Tj')
2025-08-21 11:48:59,095 - DEBUG - exec: Tj [b'Widget C']
2025-08-21 11:48:59,095 - DEBUG - nexttoken: (589, /b'T*')
2025-08-21 11:48:59,095 - DEBUG - do_keyword: pos=589, token=/b'T*', stack=[]
2025-08-21 11:48:59,095 - DEBUG - add_results: ((589, /b'T*'),)
2025-08-21 11:48:59,095 - DEBUG - nextobject: (589, /b'T*')
2025-08-21 11:48:59,095 - DEBUG - exec: T*
2025-08-21 11:48:59,095 - DEBUG - nexttoken: (592, /b'ET')
2025-08-21 11:48:59,095 - DEBUG - do_keyword: pos=592, token=/b'ET', stack=[]
2025-08-21 11:48:59,095 - DEBUG - add_results: ((592, /b'ET'),)
2025-08-21 11:48:59,095 - DEBUG - nextobject: (592, /b'ET')
2025-08-21 11:48:59,095 - DEBUG - exec: ET
2025-08-21 11:48:59,095 - DEBUG - nexttoken: (595, /b'BT')
2025-08-21 11:48:59,095 - DEBUG - do_keyword: pos=595, token=/b'BT', stack=[]
2025-08-21 11:48:59,095 - DEBUG - add_results: ((595, /b'BT'),)
2025-08-21 11:48:59,095 - DEBUG - nextobject: (595, /b'BT')
2025-08-21 11:48:59,095 - DEBUG - exec: BT
2025-08-21 11:48:59,095 - DEBUG - nexttoken: (598, 1)
2025-08-21 11:48:59,095 - DEBUG - add_results: ((598, 1),)
2025-08-21 11:48:59,095 - DEBUG - nextobject: (598, 1)
2025-08-21 11:48:59,095 - DEBUG - nexttoken: (600, 0)
2025-08-21 11:48:59,095 - DEBUG - add_results: ((600, 0),)
2025-08-21 11:48:59,096 - DEBUG - nextobject: (600, 0)
2025-08-21 11:48:59,096 - DEBUG - nexttoken: (602, 0)
2025-08-21 11:48:59,096 - DEBUG - add_results: ((602, 0),)
2025-08-21 11:48:59,096 - DEBUG - nextobject: (602, 0)
2025-08-21 11:48:59,096 - DEBUG - nexttoken: (604, 1)
2025-08-21 11:48:59,096 - DEBUG - add_results: ((604, 1),)
2025-08-21 11:48:59,096 - DEBUG - nextobject: (604, 1)
2025-08-21 11:48:59,096 - DEBUG - nexttoken: (606, 64.4)
2025-08-21 11:48:59,096 - DEBUG - add_results: ((606, 64.4),)
2025-08-21 11:48:59,096 - DEBUG - nextobject: (606, 64.4)
2025-08-21 11:48:59,096 - DEBUG - nexttoken: (611, 5)
2025-08-21 11:48:59,096 - DEBUG - add_results: ((611, 5),)
2025-08-21 11:48:59,096 - DEBUG - nextobject: (611, 5)
2025-08-21 11:48:59,096 - DEBUG - nexttoken: (613, /b'Tm')
2025-08-21 11:48:59,096 - DEBUG - do_keyword: pos=613, token=/b'Tm', stack=[]
2025-08-21 11:48:59,096 - DEBUG - add_results: ((613, /b'Tm'),)
2025-08-21 11:48:59,096 - DEBUG - nextobject: (613, /b'Tm')
2025-08-21 11:48:59,096 - DEBUG - exec: Tm [1, 0, 0, 1, 64.4, 5]
2025-08-21 11:48:59,096 - DEBUG - nexttoken: (616, b'.25')
2025-08-21 11:48:59,096 - DEBUG - add_results: ((616, b'.25'),)
2025-08-21 11:48:59,096 - DEBUG - nextobject: (616, b'.25')
2025-08-21 11:48:59,096 - DEBUG - nexttoken: (622, /b'Tj')
2025-08-21 11:48:59,096 - DEBUG - do_keyword: pos=622, token=/b'Tj', stack=[]
2025-08-21 11:48:59,096 - DEBUG - add_results: ((622, /b'Tj'),)
2025-08-21 11:48:59,096 - DEBUG - nextobject: (622, /b'Tj')
2025-08-21 11:48:59,096 - DEBUG - exec: Tj [b'.25']
2025-08-21 11:48:59,096 - DEBUG - nexttoken: (625, /b'T*')
2025-08-21 11:48:59,096 - DEBUG - do_keyword: pos=625, token=/b'T*', stack=[]
2025-08-21 11:48:59,096 - DEBUG - add_results: ((625, /b'T*'),)
2025-08-21 11:48:59,096 - DEBUG - nextobject: (625, /b'T*')
2025-08-21 11:48:59,096 - DEBUG - exec: T*
2025-08-21 11:48:59,096 - DEBUG - nexttoken: (628, /b'ET')
2025-08-21 11:48:59,096 - DEBUG - do_keyword: pos=628, token=/b'ET', stack=[]
2025-08-21 11:48:59,096 - DEBUG - add_results: ((628, /b'ET'),)
2025-08-21 11:48:59,096 - DEBUG - nextobject: (628, /b'ET')
2025-08-21 11:48:59,096 - DEBUG - exec: ET
2025-08-21 11:48:59,096 - DEBUG - nexttoken: (631, /b'BT')
2025-08-21 11:48:59,096 - DEBUG - do_keyword: pos=631, token=/b'BT', stack=[]
2025-08-21 11:48:59,096 - DEBUG - add_results: ((631, /b'BT'),)
2025-08-21 11:48:59,096 - DEBUG - nextobject: (631, /b'BT')
2025-08-21 11:48:59,096 - DEBUG - exec: BT
2025-08-21 11:48:59,096 - DEBUG - nexttoken: (634, 1)
2025-08-21 11:48:59,096 - DEBUG - add_results: ((634, 1),)
2025-08-21 11:48:59,096 - DEBUG - nextobject: (634, 1)
2025-08-21 11:48:59,096 - DEBUG - nexttoken: (636, 0)
2025-08-21 11:48:59,096 - DEBUG - add_results: ((636, 0),)
2025-08-21 11:48:59,096 - DEBUG - nextobject: (636, 0)
2025-08-21 11:48:59,096 - DEBUG - nexttoken: (638, 0)
2025-08-21 11:48:59,096 - DEBUG - add_results: ((638, 0),)
2025-08-21 11:48:59,096 - DEBUG - nextobject: (638, 0)
2025-08-21 11:48:59,096 - DEBUG - nexttoken: (640, 1)
2025-08-21 11:48:59,096 - DEBUG - add_results: ((640, 1),)
2025-08-21 11:48:59,096 - DEBUG - nextobject: (640, 1)
2025-08-21 11:48:59,096 - DEBUG - nexttoken: (642, 107.52)
2025-08-21 11:48:59,096 - DEBUG - add_results: ((642, 107.52),)
2025-08-21 11:48:59,097 - DEBUG - nextobject: (642, 107.52)
2025-08-21 11:48:59,097 - DEBUG - nexttoken: (649, 5)
2025-08-21 11:48:59,097 - DEBUG - add_results: ((649, 5),)
2025-08-21 11:48:59,097 - DEBUG - nextobject: (649, 5)
2025-08-21 11:48:59,097 - DEBUG - nexttoken: (651, /b'Tm')
2025-08-21 11:48:59,097 - DEBUG - do_keyword: pos=651, token=/b'Tm', stack=[]
2025-08-21 11:48:59,097 - DEBUG - add_results: ((651, /b'Tm'),)
2025-08-21 11:48:59,097 - DEBUG - nextobject: (651, /b'Tm')
2025-08-21 11:48:59,097 - DEBUG - exec: Tm [1, 0, 0, 1, 107.52, 5]
2025-08-21 11:48:59,097 - DEBUG - nexttoken: (654, b'150')
2025-08-21 11:48:59,097 - DEBUG - add_results: ((654, b'150'),)
2025-08-21 11:48:59,097 - DEBUG - nextobject: (654, b'150')
2025-08-21 11:48:59,097 - DEBUG - nexttoken: (660, /b'Tj')
2025-08-21 11:48:59,097 - DEBUG - do_keyword: pos=660, token=/b'Tj', stack=[]
2025-08-21 11:48:59,097 - DEBUG - add_results: ((660, /b'Tj'),)
2025-08-21 11:48:59,097 - DEBUG - nextobject: (660, /b'Tj')
2025-08-21 11:48:59,097 - DEBUG - exec: Tj [b'150']
2025-08-21 11:48:59,097 - DEBUG - nexttoken: (663, /b'T*')
2025-08-21 11:48:59,097 - DEBUG - do_keyword: pos=663, token=/b'T*', stack=[]
2025-08-21 11:48:59,097 - DEBUG - add_results: ((663, /b'T*'),)
2025-08-21 11:48:59,097 - DEBUG - nextobject: (663, /b'T*')
2025-08-21 11:48:59,097 - DEBUG - exec: T*
2025-08-21 11:48:59,097 - DEBUG - nexttoken: (666, /b'ET')
2025-08-21 11:48:59,097 - DEBUG - do_keyword: pos=666, token=/b'ET', stack=[]
2025-08-21 11:48:59,097 - DEBUG - add_results: ((666, /b'ET'),)
2025-08-21 11:48:59,097 - DEBUG - nextobject: (666, /b'ET')
2025-08-21 11:48:59,097 - DEBUG - exec: ET
2025-08-21 11:48:59,097 - DEBUG - nexttoken: (669, /b'q')
2025-08-21 11:48:59,097 - DEBUG - do_keyword: pos=669, token=/b'q', stack=[]
2025-08-21 11:48:59,097 - DEBUG - add_results: ((669, /b'q'),)
2025-08-21 11:48:59,097 - DEBUG - nextobject: (669, /b'q')
2025-08-21 11:48:59,097 - DEBUG - exec: q
2025-08-21 11:48:59,097 - DEBUG - nexttoken: (671, 1)
2025-08-21 11:48:59,097 - DEBUG - add_results: ((671, 1),)
2025-08-21 11:48:59,097 - DEBUG - nextobject: (671, 1)
2025-08-21 11:48:59,097 - DEBUG - nexttoken: (673, /b'J')
2025-08-21 11:48:59,097 - DEBUG - do_keyword: pos=673, token=/b'J', stack=[]
2025-08-21 11:48:59,097 - DEBUG - add_results: ((673, /b'J'),)
2025-08-21 11:48:59,097 - DEBUG - nextobject: (673, /b'J')
2025-08-21 11:48:59,097 - DEBUG - exec: J [1]
2025-08-21 11:48:59,097 - DEBUG - nexttoken: (675, 1)
2025-08-21 11:48:59,097 - DEBUG - add_results: ((675, 1),)
2025-08-21 11:48:59,097 - DEBUG - nextobject: (675, 1)
2025-08-21 11:48:59,097 - DEBUG - nexttoken: (677, /b'j')
2025-08-21 11:48:59,097 - DEBUG - do_keyword: pos=677, token=/b'j', stack=[]
2025-08-21 11:48:59,097 - DEBUG - add_results: ((677, /b'j'),)
2025-08-21 11:48:59,097 - DEBUG - nextobject: (677, /b'j')
2025-08-21 11:48:59,097 - DEBUG - exec: j [1]
2025-08-21 11:48:59,097 - DEBUG - nexttoken: (679, 0)
2025-08-21 11:48:59,097 - DEBUG - add_results: ((679, 0),)
2025-08-21 11:48:59,097 - DEBUG - nextobject: (679, 0)
2025-08-21 11:48:59,097 - DEBUG - nexttoken: (681, 0)
2025-08-21 11:48:59,097 - DEBUG - add_results: ((681, 0),)
2025-08-21 11:48:59,097 - DEBUG - nextobject: (681, 0)
2025-08-21 11:48:59,097 - DEBUG - nexttoken: (683, 0)
2025-08-21 11:48:59,097 - DEBUG - add_results: ((683, 0),)
2025-08-21 11:48:59,097 - DEBUG - nextobject: (683, 0)
2025-08-21 11:48:59,098 - DEBUG - nexttoken: (685, /b'RG')
2025-08-21 11:48:59,098 - DEBUG - do_keyword: pos=685, token=/b'RG', stack=[]
2025-08-21 11:48:59,098 - DEBUG - add_results: ((685, /b'RG'),)
2025-08-21 11:48:59,098 - DEBUG - nextobject: (685, /b'RG')
2025-08-21 11:48:59,098 - DEBUG - exec: RG [0, 0, 0]
2025-08-21 11:48:59,098 - DEBUG - nexttoken: (688, 1)
2025-08-21 11:48:59,098 - DEBUG - add_results: ((688, 1),)
2025-08-21 11:48:59,098 - DEBUG - nextobject: (688, 1)
2025-08-21 11:48:59,098 - DEBUG - nexttoken: (690, /b'w')
2025-08-21 11:48:59,098 - DEBUG - do_keyword: pos=690, token=/b'w', stack=[]
2025-08-21 11:48:59,098 - DEBUG - add_results: ((690, /b'w'),)
2025-08-21 11:48:59,098 - DEBUG - nextobject: (690, /b'w')
2025-08-21 11:48:59,098 - DEBUG - exec: w [1]
2025-08-21 11:48:59,098 - DEBUG - nexttoken: (692, /b'n')
2025-08-21 11:48:59,098 - DEBUG - do_keyword: pos=692, token=/b'n', stack=[]
2025-08-21 11:48:59,098 - DEBUG - add_results: ((692, /b'n'),)
2025-08-21 11:48:59,098 - DEBUG - nextobject: (692, /b'n')
2025-08-21 11:48:59,098 - DEBUG - exec: n
2025-08-21 11:48:59,098 - DEBUG - nexttoken: (694, 0)
2025-08-21 11:48:59,098 - DEBUG - add_results: ((694, 0),)
2025-08-21 11:48:59,098 - DEBUG - nextobject: (694, 0)
2025-08-21 11:48:59,098 - DEBUG - nexttoken: (696, 72)
2025-08-21 11:48:59,098 - DEBUG - add_results: ((696, 72),)
2025-08-21 11:48:59,098 - DEBUG - nextobject: (696, 72)
2025-08-21 11:48:59,098 - DEBUG - nexttoken: (699, /b'm')
2025-08-21 11:48:59,098 - DEBUG - do_keyword: pos=699, token=/b'm', stack=[]
2025-08-21 11:48:59,098 - DEBUG - add_results: ((699, /b'm'),)
2025-08-21 11:48:59,098 - DEBUG - nextobject: (699, /b'm')
2025-08-21 11:48:59,098 - DEBUG - exec: m [0, 72]
2025-08-21 11:48:59,098 - DEBUG - nexttoken: (701, 142.14)
2025-08-21 11:48:59,098 - DEBUG - add_results: ((701, 142.14),)
2025-08-21 11:48:59,098 - DEBUG - nextobject: (701, 142.14)
2025-08-21 11:48:59,098 - DEBUG - nexttoken: (708, 72)
2025-08-21 11:48:59,098 - DEBUG - add_results: ((708, 72),)
2025-08-21 11:48:59,098 - DEBUG - nextobject: (708, 72)
2025-08-21 11:48:59,098 - DEBUG - nexttoken: (711, /b'l')
2025-08-21 11:48:59,098 - DEBUG - do_keyword: pos=711, token=/b'l', stack=[]
2025-08-21 11:48:59,098 - DEBUG - add_results: ((711, /b'l'),)
2025-08-21 11:48:59,098 - DEBUG - nextobject: (711, /b'l')
2025-08-21 11:48:59,098 - DEBUG - exec: l [142.14, 72]
2025-08-21 11:48:59,098 - DEBUG - nexttoken: (713, /b'S')
2025-08-21 11:48:59,098 - DEBUG - do_keyword: pos=713, token=/b'S', stack=[]
2025-08-21 11:48:59,098 - DEBUG - add_results: ((713, /b'S'),)
2025-08-21 11:48:59,098 - DEBUG - nextobject: (713, /b'S')
2025-08-21 11:48:59,098 - DEBUG - exec: S
2025-08-21 11:48:59,099 - DEBUG - nexttoken: (715, /b'n')
2025-08-21 11:48:59,099 - DEBUG - do_keyword: pos=715, token=/b'n', stack=[]
2025-08-21 11:48:59,099 - DEBUG - add_results: ((715, /b'n'),)
2025-08-21 11:48:59,099 - DEBUG - nextobject: (715, /b'n')
2025-08-21 11:48:59,099 - DEBUG - exec: n
2025-08-21 11:48:59,099 - DEBUG - nexttoken: (717, 0)
2025-08-21 11:48:59,099 - DEBUG - add_results: ((717, 0),)
2025-08-21 11:48:59,099 - DEBUG - nextobject: (717, 0)
2025-08-21 11:48:59,099 - DEBUG - nexttoken: (719, 0)
2025-08-21 11:48:59,099 - DEBUG - add_results: ((719, 0),)
2025-08-21 11:48:59,099 - DEBUG - nextobject: (719, 0)
2025-08-21 11:48:59,099 - DEBUG - nexttoken: (721, /b'm')
2025-08-21 11:48:59,099 - DEBUG - do_keyword: pos=721, token=/b'm', stack=[]
2025-08-21 11:48:59,099 - DEBUG - add_results: ((721, /b'm'),)
2025-08-21 11:48:59,099 - DEBUG - nextobject: (721, /b'm')
2025-08-21 11:48:59,099 - DEBUG - exec: m [0, 0]
2025-08-21 11:48:59,099 - DEBUG - nexttoken: (723, 142.14)
2025-08-21 11:48:59,099 - DEBUG - add_results: ((723, 142.14),)
2025-08-21 11:48:59,099 - DEBUG - nextobject: (723, 142.14)
2025-08-21 11:48:59,099 - DEBUG - nexttoken: (730, 0)
2025-08-21 11:48:59,099 - DEBUG - add_results: ((730, 0),)
2025-08-21 11:48:59,099 - DEBUG - nextobject: (730, 0)
2025-08-21 11:48:59,099 - DEBUG - nexttoken: (732, /b'l')
2025-08-21 11:48:59,099 - DEBUG - do_keyword: pos=732, token=/b'l', stack=[]
2025-08-21 11:48:59,099 - DEBUG - add_results: ((732, /b'l'),)
2025-08-21 11:48:59,099 - DEBUG - nextobject: (732, /b'l')
2025-08-21 11:48:59,099 - DEBUG - exec: l [142.14, 0]
2025-08-21 11:48:59,099 - DEBUG - nexttoken: (734, /b'S')
2025-08-21 11:48:59,099 - DEBUG - do_keyword: pos=734, token=/b'S', stack=[]
2025-08-21 11:48:59,099 - DEBUG - add_results: ((734, /b'S'),)
2025-08-21 11:48:59,099 - DEBUG - nextobject: (734, /b'S')
2025-08-21 11:48:59,099 - DEBUG - exec: S
2025-08-21 11:48:59,099 - DEBUG - nexttoken: (736, /b'n')
2025-08-21 11:48:59,099 - DEBUG - do_keyword: pos=736, token=/b'n', stack=[]
2025-08-21 11:48:59,099 - DEBUG - add_results: ((736, /b'n'),)
2025-08-21 11:48:59,099 - DEBUG - nextobject: (736, /b'n')
2025-08-21 11:48:59,099 - DEBUG - exec: n
2025-08-21 11:48:59,099 - DEBUG - nexttoken: (738, 0)
2025-08-21 11:48:59,099 - DEBUG - add_results: ((738, 0),)
2025-08-21 11:48:59,099 - DEBUG - nextobject: (738, 0)
2025-08-21 11:48:59,099 - DEBUG - nexttoken: (740, 0)
2025-08-21 11:48:59,099 - DEBUG - add_results: ((740, 0),)
2025-08-21 11:48:59,099 - DEBUG - nextobject: (740, 0)
2025-08-21 11:48:59,099 - DEBUG - nexttoken: (742, /b'm')
2025-08-21 11:48:59,099 - DEBUG - do_keyword: pos=742, token=/b'm', stack=[]
2025-08-21 11:48:59,099 - DEBUG - add_results: ((742, /b'm'),)
2025-08-21 11:48:59,100 - DEBUG - nextobject: (742, /b'm')
2025-08-21 11:48:59,100 - DEBUG - exec: m [0, 0]
2025-08-21 11:48:59,100 - DEBUG - nexttoken: (744, 0)
2025-08-21 11:48:59,100 - DEBUG - add_results: ((744, 0),)
2025-08-21 11:48:59,100 - DEBUG - nextobject: (744, 0)
2025-08-21 11:48:59,100 - DEBUG - nexttoken: (746, 72)
2025-08-21 11:48:59,100 - DEBUG - add_results: ((746, 72),)
2025-08-21 11:48:59,100 - DEBUG - nextobject: (746, 72)
2025-08-21 11:48:59,100 - DEBUG - nexttoken: (749, /b'l')
2025-08-21 11:48:59,100 - DEBUG - do_keyword: pos=749, token=/b'l', stack=[]
2025-08-21 11:48:59,100 - DEBUG - add_results: ((749, /b'l'),)
2025-08-21 11:48:59,100 - DEBUG - nextobject: (749, /b'l')
2025-08-21 11:48:59,100 - DEBUG - exec: l [0, 72]
2025-08-21 11:48:59,100 - DEBUG - nexttoken: (751, /b'S')
2025-08-21 11:48:59,100 - DEBUG - do_keyword: pos=751, token=/b'S', stack=[]
2025-08-21 11:48:59,100 - DEBUG - add_results: ((751, /b'S'),)
2025-08-21 11:48:59,100 - DEBUG - nextobject: (751, /b'S')
2025-08-21 11:48:59,100 - DEBUG - exec: S
2025-08-21 11:48:59,100 - DEBUG - nexttoken: (753, /b'n')
2025-08-21 11:48:59,100 - DEBUG - do_keyword: pos=753, token=/b'n', stack=[]
2025-08-21 11:48:59,100 - DEBUG - add_results: ((753, /b'n'),)
2025-08-21 11:48:59,100 - DEBUG - nextobject: (753, /b'n')
2025-08-21 11:48:59,100 - DEBUG - exec: n
2025-08-21 11:48:59,100 - DEBUG - nexttoken: (755, 142.14)
2025-08-21 11:48:59,100 - DEBUG - add_results: ((755, 142.14),)
2025-08-21 11:48:59,100 - DEBUG - nextobject: (755, 142.14)
2025-08-21 11:48:59,100 - DEBUG - nexttoken: (762, 0)
2025-08-21 11:48:59,100 - DEBUG - add_results: ((762, 0),)
2025-08-21 11:48:59,100 - DEBUG - nextobject: (762, 0)
2025-08-21 11:48:59,100 - DEBUG - nexttoken: (764, /b'm')
2025-08-21 11:48:59,100 - DEBUG - do_keyword: pos=764, token=/b'm', stack=[]
2025-08-21 11:48:59,100 - DEBUG - add_results: ((764, /b'm'),)
2025-08-21 11:48:59,100 - DEBUG - nextobject: (764, /b'm')
2025-08-21 11:48:59,100 - DEBUG - exec: m [142.14, 0]
2025-08-21 11:48:59,100 - DEBUG - nexttoken: (766, 142.14)
2025-08-21 11:48:59,100 - DEBUG - add_results: ((766, 142.14),)
2025-08-21 11:48:59,100 - DEBUG - nextobject: (766, 142.14)
2025-08-21 11:48:59,100 - DEBUG - nexttoken: (773, 72)
2025-08-21 11:48:59,100 - DEBUG - add_results: ((773, 72),)
2025-08-21 11:48:59,100 - DEBUG - nextobject: (773, 72)
2025-08-21 11:48:59,101 - DEBUG - nexttoken: (776, /b'l')
2025-08-21 11:48:59,101 - DEBUG - do_keyword: pos=776, token=/b'l', stack=[]
2025-08-21 11:48:59,101 - DEBUG - add_results: ((776, /b'l'),)
2025-08-21 11:48:59,101 - DEBUG - nextobject: (776, /b'l')
2025-08-21 11:48:59,101 - DEBUG - exec: l [142.14, 72]
2025-08-21 11:48:59,101 - DEBUG - nexttoken: (778, /b'S')
2025-08-21 11:48:59,101 - DEBUG - do_keyword: pos=778, token=/b'S', stack=[]
2025-08-21 11:48:59,101 - DEBUG - add_results: ((778, /b'S'),)
2025-08-21 11:48:59,101 - DEBUG - nextobject: (778, /b'S')
2025-08-21 11:48:59,101 - DEBUG - exec: S
2025-08-21 11:48:59,101 - DEBUG - nexttoken: (780, /b'n')
2025-08-21 11:48:59,101 - DEBUG - do_keyword: pos=780, token=/b'n', stack=[]
2025-08-21 11:48:59,101 - DEBUG - add_results: ((780, /b'n'),)
2025-08-21 11:48:59,101 - DEBUG - nextobject: (780, /b'n')
2025-08-21 11:48:59,101 - DEBUG - exec: n
2025-08-21 11:48:59,101 - DEBUG - nexttoken: (782, 0)
2025-08-21 11:48:59,101 - DEBUG - add_results: ((782, 0),)
2025-08-21 11:48:59,101 - DEBUG - nextobject: (782, 0)
2025-08-21 11:48:59,101 - DEBUG - nexttoken: (784, 54)
2025-08-21 11:48:59,101 - DEBUG - add_results: ((784, 54),)
2025-08-21 11:48:59,101 - DEBUG - nextobject: (784, 54)
2025-08-21 11:48:59,101 - DEBUG - nexttoken: (787, /b'm')
2025-08-21 11:48:59,101 - DEBUG - do_keyword: pos=787, token=/b'm', stack=[]
2025-08-21 11:48:59,101 - DEBUG - add_results: ((787, /b'm'),)
2025-08-21 11:48:59,101 - DEBUG - nextobject: (787, /b'm')
2025-08-21 11:48:59,101 - DEBUG - exec: m [0, 54]
2025-08-21 11:48:59,101 - DEBUG - nexttoken: (789, 142.14)
2025-08-21 11:48:59,101 - DEBUG - add_results: ((789, 142.14),)
2025-08-21 11:48:59,101 - DEBUG - nextobject: (789, 142.14)
2025-08-21 11:48:59,101 - DEBUG - nexttoken: (796, 54)
2025-08-21 11:48:59,101 - DEBUG - add_results: ((796, 54),)
2025-08-21 11:48:59,101 - DEBUG - nextobject: (796, 54)
2025-08-21 11:48:59,101 - DEBUG - nexttoken: (799, /b'l')
2025-08-21 11:48:59,101 - DEBUG - do_keyword: pos=799, token=/b'l', stack=[]
2025-08-21 11:48:59,101 - DEBUG - add_results: ((799, /b'l'),)
2025-08-21 11:48:59,101 - DEBUG - nextobject: (799, /b'l')
2025-08-21 11:48:59,101 - DEBUG - exec: l [142.14, 54]
2025-08-21 11:48:59,101 - DEBUG - nexttoken: (801, /b'S')
2025-08-21 11:48:59,101 - DEBUG - do_keyword: pos=801, token=/b'S', stack=[]
2025-08-21 11:48:59,101 - DEBUG - add_results: ((801, /b'S'),)
2025-08-21 11:48:59,101 - DEBUG - nextobject: (801, /b'S')
2025-08-21 11:48:59,101 - DEBUG - exec: S
2025-08-21 11:48:59,102 - DEBUG - nexttoken: (803, /b'n')
2025-08-21 11:48:59,102 - DEBUG - do_keyword: pos=803, token=/b'n', stack=[]
2025-08-21 11:48:59,102 - DEBUG - add_results: ((803, /b'n'),)
2025-08-21 11:48:59,102 - DEBUG - nextobject: (803, /b'n')
2025-08-21 11:48:59,102 - DEBUG - exec: n
2025-08-21 11:48:59,102 - DEBUG - nexttoken: (805, 0)
2025-08-21 11:48:59,102 - DEBUG - add_results: ((805, 0),)
2025-08-21 11:48:59,102 - DEBUG - nextobject: (805, 0)
2025-08-21 11:48:59,102 - DEBUG - nexttoken: (807, 36)
2025-08-21 11:48:59,102 - DEBUG - add_results: ((807, 36),)
2025-08-21 11:48:59,102 - DEBUG - nextobject: (807, 36)
2025-08-21 11:48:59,102 - DEBUG - nexttoken: (810, /b'm')
2025-08-21 11:48:59,102 - DEBUG - do_keyword: pos=810, token=/b'm', stack=[]
2025-08-21 11:48:59,102 - DEBUG - add_results: ((810, /b'm'),)
2025-08-21 11:48:59,102 - DEBUG - nextobject: (810, /b'm')
2025-08-21 11:48:59,102 - DEBUG - exec: m [0, 36]
2025-08-21 11:48:59,102 - DEBUG - nexttoken: (812, 142.14)
2025-08-21 11:48:59,102 - DEBUG - add_results: ((812, 142.14),)
2025-08-21 11:48:59,102 - DEBUG - nextobject: (812, 142.14)
2025-08-21 11:48:59,102 - DEBUG - nexttoken: (819, 36)
2025-08-21 11:48:59,102 - DEBUG - add_results: ((819, 36),)
2025-08-21 11:48:59,102 - DEBUG - nextobject: (819, 36)
2025-08-21 11:48:59,102 - DEBUG - nexttoken: (822, /b'l')
2025-08-21 11:48:59,102 - DEBUG - do_keyword: pos=822, token=/b'l', stack=[]
2025-08-21 11:48:59,102 - DEBUG - add_results: ((822, /b'l'),)
2025-08-21 11:48:59,102 - DEBUG - nextobject: (822, /b'l')
2025-08-21 11:48:59,102 - DEBUG - exec: l [142.14, 36]
2025-08-21 11:48:59,102 - DEBUG - nexttoken: (824, /b'S')
2025-08-21 11:48:59,102 - DEBUG - do_keyword: pos=824, token=/b'S', stack=[]
2025-08-21 11:48:59,102 - DEBUG - add_results: ((824, /b'S'),)
2025-08-21 11:48:59,102 - DEBUG - nextobject: (824, /b'S')
2025-08-21 11:48:59,102 - DEBUG - exec: S
2025-08-21 11:48:59,102 - DEBUG - nexttoken: (826, /b'n')
2025-08-21 11:48:59,102 - DEBUG - do_keyword: pos=826, token=/b'n', stack=[]
2025-08-21 11:48:59,102 - DEBUG - add_results: ((826, /b'n'),)
2025-08-21 11:48:59,102 - DEBUG - nextobject: (826, /b'n')
2025-08-21 11:48:59,102 - DEBUG - exec: n
2025-08-21 11:48:59,102 - DEBUG - nexttoken: (828, 0)
2025-08-21 11:48:59,102 - DEBUG - add_results: ((828, 0),)
2025-08-21 11:48:59,102 - DEBUG - nextobject: (828, 0)
2025-08-21 11:48:59,102 - DEBUG - nexttoken: (830, 18)
2025-08-21 11:48:59,102 - DEBUG - add_results: ((830, 18),)
2025-08-21 11:48:59,102 - DEBUG - nextobject: (830, 18)
2025-08-21 11:48:59,102 - DEBUG - nexttoken: (833, /b'm')
2025-08-21 11:48:59,102 - DEBUG - do_keyword: pos=833, token=/b'm', stack=[]
2025-08-21 11:48:59,102 - DEBUG - add_results: ((833, /b'm'),)
2025-08-21 11:48:59,103 - DEBUG - nextobject: (833, /b'm')
2025-08-21 11:48:59,103 - DEBUG - exec: m [0, 18]
2025-08-21 11:48:59,103 - DEBUG - nexttoken: (835, 142.14)
2025-08-21 11:48:59,103 - DEBUG - add_results: ((835, 142.14),)
2025-08-21 11:48:59,103 - DEBUG - nextobject: (835, 142.14)
2025-08-21 11:48:59,103 - DEBUG - nexttoken: (842, 18)
2025-08-21 11:48:59,103 - DEBUG - add_results: ((842, 18),)
2025-08-21 11:48:59,103 - DEBUG - nextobject: (842, 18)
2025-08-21 11:48:59,103 - DEBUG - nexttoken: (845, /b'l')
2025-08-21 11:48:59,103 - DEBUG - do_keyword: pos=845, token=/b'l', stack=[]
2025-08-21 11:48:59,103 - DEBUG - add_results: ((845, /b'l'),)
2025-08-21 11:48:59,103 - DEBUG - nextobject: (845, /b'l')
2025-08-21 11:48:59,103 - DEBUG - exec: l [142.14, 18]
2025-08-21 11:48:59,103 - DEBUG - nexttoken: (847, /b'S')
2025-08-21 11:48:59,103 - DEBUG - do_keyword: pos=847, token=/b'S', stack=[]
2025-08-21 11:48:59,103 - DEBUG - add_results: ((847, /b'S'),)
2025-08-21 11:48:59,103 - DEBUG - nextobject: (847, /b'S')
2025-08-21 11:48:59,103 - DEBUG - exec: S
2025-08-21 11:48:59,103 - DEBUG - nexttoken: (849, /b'n')
2025-08-21 11:48:59,103 - DEBUG - do_keyword: pos=849, token=/b'n', stack=[]
2025-08-21 11:48:59,103 - DEBUG - add_results: ((849, /b'n'),)
2025-08-21 11:48:59,103 - DEBUG - nextobject: (849, /b'n')
2025-08-21 11:48:59,103 - DEBUG - exec: n
2025-08-21 11:48:59,103 - DEBUG - nexttoken: (851, 53.12)
2025-08-21 11:48:59,103 - DEBUG - add_results: ((851, 53.12),)
2025-08-21 11:48:59,103 - DEBUG - nextobject: (851, 53.12)
2025-08-21 11:48:59,103 - DEBUG - nexttoken: (857, 0)
2025-08-21 11:48:59,103 - DEBUG - add_results: ((857, 0),)
2025-08-21 11:48:59,103 - DEBUG - nextobject: (857, 0)
2025-08-21 11:48:59,103 - DEBUG - nexttoken: (859, /b'm')
2025-08-21 11:48:59,103 - DEBUG - do_keyword: pos=859, token=/b'm', stack=[]
2025-08-21 11:48:59,103 - DEBUG - add_results: ((859, /b'm'),)
2025-08-21 11:48:59,103 - DEBUG - nextobject: (859, /b'm')
2025-08-21 11:48:59,103 - DEBUG - exec: m [53.12, 0]
2025-08-21 11:48:59,103 - DEBUG - nexttoken: (861, 53.12)
2025-08-21 11:48:59,103 - DEBUG - add_results: ((861, 53.12),)
2025-08-21 11:48:59,103 - DEBUG - nextobject: (861, 53.12)
2025-08-21 11:48:59,103 - DEBUG - nexttoken: (867, 72)
2025-08-21 11:48:59,103 - DEBUG - add_results: ((867, 72),)
2025-08-21 11:48:59,103 - DEBUG - nextobject: (867, 72)
2025-08-21 11:48:59,103 - DEBUG - nexttoken: (870, /b'l')
2025-08-21 11:48:59,103 - DEBUG - do_keyword: pos=870, token=/b'l', stack=[]
2025-08-21 11:48:59,103 - DEBUG - add_results: ((870, /b'l'),)
2025-08-21 11:48:59,103 - DEBUG - nextobject: (870, /b'l')
2025-08-21 11:48:59,103 - DEBUG - exec: l [53.12, 72]
2025-08-21 11:48:59,103 - DEBUG - nexttoken: (872, /b'S')
2025-08-21 11:48:59,103 - DEBUG - do_keyword: pos=872, token=/b'S', stack=[]
2025-08-21 11:48:59,103 - DEBUG - add_results: ((872, /b'S'),)
2025-08-21 11:48:59,103 - DEBUG - nextobject: (872, /b'S')
2025-08-21 11:48:59,104 - DEBUG - exec: S
2025-08-21 11:48:59,104 - DEBUG - nexttoken: (874, /b'n')
2025-08-21 11:48:59,104 - DEBUG - do_keyword: pos=874, token=/b'n', stack=[]
2025-08-21 11:48:59,104 - DEBUG - add_results: ((874, /b'n'),)
2025-08-21 11:48:59,104 - DEBUG - nextobject: (874, /b'n')
2025-08-21 11:48:59,104 - DEBUG - exec: n
2025-08-21 11:48:59,104 - DEBUG - nexttoken: (876, 89.58)
2025-08-21 11:48:59,104 - DEBUG - add_results: ((876, 89.58),)
2025-08-21 11:48:59,104 - DEBUG - nextobject: (876, 89.58)
2025-08-21 11:48:59,104 - DEBUG - nexttoken: (882, 0)
2025-08-21 11:48:59,104 - DEBUG - add_results: ((882, 0),)
2025-08-21 11:48:59,104 - DEBUG - nextobject: (882, 0)
2025-08-21 11:48:59,104 - DEBUG - nexttoken: (884, /b'm')
2025-08-21 11:48:59,104 - DEBUG - do_keyword: pos=884, token=/b'm', stack=[]
2025-08-21 11:48:59,104 - DEBUG - add_results: ((884, /b'm'),)
2025-08-21 11:48:59,104 - DEBUG - nextobject: (884, /b'm')
2025-08-21 11:48:59,104 - DEBUG - exec: m [89.58, 0]
2025-08-21 11:48:59,104 - DEBUG - nexttoken: (886, 89.58)
2025-08-21 11:48:59,104 - DEBUG - add_results: ((886, 89.58),)
2025-08-21 11:48:59,104 - DEBUG - nextobject: (886, 89.58)
2025-08-21 11:48:59,104 - DEBUG - nexttoken: (892, 72)
2025-08-21 11:48:59,104 - DEBUG - add_results: ((892, 72),)
2025-08-21 11:48:59,104 - DEBUG - nextobject: (892, 72)
2025-08-21 11:48:59,104 - DEBUG - nexttoken: (895, /b'l')
2025-08-21 11:48:59,104 - DEBUG - do_keyword: pos=895, token=/b'l', stack=[]
2025-08-21 11:48:59,104 - DEBUG - add_results: ((895, /b'l'),)
2025-08-21 11:48:59,104 - DEBUG - nextobject: (895, /b'l')
2025-08-21 11:48:59,104 - DEBUG - exec: l [89.58, 72]
2025-08-21 11:48:59,104 - DEBUG - nexttoken: (897, /b'S')
2025-08-21 11:48:59,104 - DEBUG - do_keyword: pos=897, token=/b'S', stack=[]
2025-08-21 11:48:59,104 - DEBUG - add_results: ((897, /b'S'),)
2025-08-21 11:48:59,104 - DEBUG - nextobject: (897, /b'S')
2025-08-21 11:48:59,104 - DEBUG - exec: S
2025-08-21 11:48:59,104 - DEBUG - nexttoken: (899, /b'Q')
2025-08-21 11:48:59,104 - DEBUG - do_keyword: pos=899, token=/b'Q', stack=[]
2025-08-21 11:48:59,104 - DEBUG - add_results: ((899, /b'Q'),)
2025-08-21 11:48:59,104 - DEBUG - nextobject: (899, /b'Q')
2025-08-21 11:48:59,104 - DEBUG - exec: Q
2025-08-21 11:48:59,104 - DEBUG - nexttoken: (901, /b'Q')
2025-08-21 11:48:59,104 - DEBUG - do_keyword: pos=901, token=/b'Q', stack=[]
2025-08-21 11:48:59,104 - DEBUG - add_results: ((901, /b'Q'),)
2025-08-21 11:48:59,104 - DEBUG - nextobject: (901, /b'Q')
2025-08-21 11:48:59,104 - DEBUG - exec: Q
2025-08-21 11:48:59,104 - DEBUG - nexttoken: (903, /b'Q')
2025-08-21 11:48:59,104 - DEBUG - do_keyword: pos=903, token=/b'Q', stack=[]
2025-08-21 11:48:59,104 - DEBUG - add_results: ((903, /b'Q'),)
2025-08-21 11:48:59,105 - DEBUG - nextobject: (903, /b'Q')
2025-08-21 11:48:59,105 - DEBUG - exec: Q
2025-08-21 11:48:59,107 - DEBUG - Found table 1 on page 1
2025-08-21 11:48:59,107 - DEBUG - getobj: objid=7
2025-08-21 11:48:59,107 - DEBUG - Pages: Kids=[<PDFObjRef:4>]
2025-08-21 11:48:59,107 - DEBUG - getobj: objid=4
2025-08-21 11:48:59,107 - DEBUG - Page: {'Contents': <PDFObjRef:8>, 'MediaBox': [0, 0, 612, 792], 'Parent': <PDFObjRef:7>, 'Resources': {'Font': <PDFObjRef:1>, 'ProcSet': [/'PDF', /'Text', /'ImageB', /'ImageC', /'ImageI']}, 'Rotate': 0, 'Trans': {}, 'Type': /'Page'}
2025-08-21 11:48:59,107 - DEBUG - getobj: objid=8
2025-08-21 11:48:59,107 - INFO - pdfplumber found 1 tables
2025-08-21 11:48:59,114 - INFO - Combined table group 1: (3, 3)
2025-08-21 11:48:59,119 - INFO - Exported single table to extracted_tables.csv
2025-08-21 11:48:59,724 - INFO - Exported 1 tables to extracted_tables.xlsx
2025-08-21 11:48:59,728 - INFO - Exported 1 tables to extracted_tables.html
2025-08-21 11:51:14,640 - INFO - Starting table extraction from /var/folders/m0/nl1k5bws4hq403jtf6kpkbpc0000gn/T/tmpttdbyk4b.pdf
2025-08-21 11:51:14,641 - INFO - Extracting tables with pdfplumber...
2025-08-21 11:51:20,242 - INFO - pdfplumber found 18 tables
2025-08-21 11:52:47,903 - INFO - Starting table extraction from test_sample.pdf
2025-08-21 11:52:47,903 - INFO - Extracting tables with pdfplumber...
2025-08-21 11:52:47,911 - INFO - pdfplumber found 1 tables
2025-08-21 11:52:47,914 - INFO - Combined table group 1: (3, 3)
2025-08-21 11:52:47,916 - INFO - Exported single table to extracted_tables.csv
2025-08-21 11:52:56,029 - INFO - Starting table extraction from /var/folders/m0/nl1k5bws4hq403jtf6kpkbpc0000gn/T/tmpto1kany6.pdf
2025-08-21 11:52:56,029 - INFO - Extracting tables with pdfplumber...
2025-08-21 11:53:01,584 - INFO - pdfplumber found 18 tables
2025-08-21 11:53:01,605 - INFO - Combined table group 1: (1050, 17)
2025-08-21 11:54:09,523 - INFO - Starting table extraction from test_sample.pdf
2025-08-21 11:54:09,523 - INFO - Extracting tables with pdfplumber...
2025-08-21 11:54:09,532 - INFO - pdfplumber found 1 tables
2025-08-21 11:54:09,533 - INFO - Combined table group 1: (3, 3)
2025-08-21 11:54:09,536 - INFO - Exported single table to extracted_tables.csv
2025-08-21 11:56:04,523 - INFO - Starting table extraction from /var/folders/m0/nl1k5bws4hq403jtf6kpkbpc0000gn/T/tmpu_6hy7s4.pdf
2025-08-21 11:56:04,523 - INFO - Extracting tables with pdfplumber...
2025-08-21 11:56:10,000 - INFO - pdfplumber found 18 tables
2025-08-21 11:56:10,018 - INFO - Combined table group 1: (1050, 17)
2025-08-21 11:57:39,014 - INFO - Starting table extraction from test_sample.pdf
2025-08-21 11:57:39,015 - INFO - Extracting tables with pdfplumber...
2025-08-21 11:57:39,020 - INFO - pdfplumber found 1 tables
2025-08-21 11:57:39,020 - INFO - Combined table group 1: (3, 3)
2025-08-21 11:58:24,058 - INFO - Starting table extraction from test_sample.pdf
2025-08-21 11:58:24,058 - INFO - Extracting tables with pdfplumber...
2025-08-21 11:58:24,064 - INFO - pdfplumber found 1 tables
2025-08-21 11:58:24,064 - INFO - Combined table group 1: (3, 3)
2025-08-21 11:58:31,689 - INFO - Starting table extraction from test_sample.pdf
2025-08-21 11:58:31,690 - INFO - Extracting tables with pdfplumber...
2025-08-21 11:58:31,695 - INFO - pdfplumber found 1 tables
2025-08-21 11:58:31,696 - INFO - Combined table group 1: (3, 3)
2025-08-21 11:59:02,478 - INFO - Starting table extraction from /var/folders/m0/nl1k5bws4hq403jtf6kpkbpc0000gn/T/tmplvjwalqq.pdf
2025-08-21 11:59:02,478 - INFO - Extracting tables with pdfplumber...
2025-08-21 11:59:08,081 - INFO - pdfplumber found 18 tables
2025-08-21 11:59:08,098 - INFO - Combined table group 1: (1050, 17)
